FIRES        demergers — 0 hits
FIRES        Ansoff's Matrix
FIRES        reasons for staying small
FIRES        on an ASSESSED surface
FIRES        without its topic number 2.3.1
FIRES        is printed on the chapter's diagram
FIRES        Appendix 6 gives 12
FIRES        Calculate item's figure 22.5%
FIRES        quiz-04
FIRES        recall.recoverable
FIRES        structure-06
FIRES        dashed "lowest cost" marker
FIRES        names backward integration
FIRES        Markdown or HTML
FIRES        a year —
FIRES        the one pointer to 2.3.5
--- clean run after restore:
business-growth — packet 49
  before: 12 BLOCK / 19 DEBT / 3 INFO (1 recoverable)
  after:  0 BLOCK / 0 DEBT / 5 INFO (0 recoverable)
failed-check lines: 0
scripts/_packet49-content.mjs: OK
scripts/_packet49-assessment.mjs: OK
scripts/_packet49-diagrams.mjs: OK
