=== PACKET 49 GATE RUN ===
Started: Sat Sep 26 14:36:53 EEST 2026

=== npm test ===
Exit code: 0

=== npm run build ===
Exit code: 0

=== npm run validate ===
Exit code: 0

=== npm run exposure ===
Exit code: 0

=== npm run recalls ===
Exit code: 0

=== node audit/scripts/check-staged-drafts.mjs business-growth ===
Exit code: 0

=== ADVISORY: npm run contrast ===
Exit code: 0

=== ADVISORY: npm run spec-items ===
Exit code: 0

=== ADVISORY: npm run tariff-census ===
Exit code: 0

=== ADVISORY: npm run pin-check ===
Exit code: 0

Completed: Sat Sep 26 14:41:13 EEST 2026
