business_entrepreneurs-leaders-model-answers.html              ld-blocks 4 IDENTICAL
business_external-influences-model-answers.html                ld-blocks 4 IDENTICAL
business_financial-planning-model-answers.html                 ld-blocks 4 IDENTICAL
business_managing-finance-model-answers.html                   ld-blocks 4 IDENTICAL
business_managing-people-model-answers.html                    ld-blocks 4 IDENTICAL
business_marketing-mix-model-answers.html                      ld-blocks 4 IDENTICAL
business_meeting-customer-needs-model-answers.html             ld-blocks 4 IDENTICAL
business_raising-finance-model-answers.html                    ld-blocks 4 IDENTICAL
business_resource-management-model-answers.html                ld-blocks 4 IDENTICAL
business_the-market-model-answers.html                         ld-blocks 2 IDENTICAL
economics_aggregate-demand-model-answers.html                  ld-blocks 4 IDENTICAL
economics_aggregate-supply-model-answers.html                  ld-blocks 4 IDENTICAL
economics_balance-payments-exchange-rates-model-answers.html   ld-blocks 3 IDENTICAL
economics_causes-effects-globalisation-model-answers.html      ld-blocks 3 IDENTICAL
economics_demand-model-answers.html                            ld-blocks 4 IDENTICAL
economics_economic-growth-model-answers.html                   ld-blocks 4 IDENTICAL
economics_economic-performance-model-answers.html              ld-blocks 4 IDENTICAL
economics_government-intervention-firms-model-answers.html     ld-blocks 3 IDENTICAL
economics_government-intervention-model-answers.html           ld-blocks 4 IDENTICAL
economics_growth-development-model-answers.html                ld-blocks 3 IDENTICAL
economics_introductory-concepts-model-answers.html             ld-blocks 4 IDENTICAL
economics_labour-markets-model-answers.html                    ld-blocks 3 IDENTICAL
economics_macroeconomic-policies-model-answers.html            ld-blocks 4 IDENTICAL
economics_market-failure-model-answers.html                    ld-blocks 4 IDENTICAL
economics_market-structures-contestability-model-answers.html  ld-blocks 3 IDENTICAL
economics_national-income-model-answers.html                   ld-blocks 4 IDENTICAL
economics_poverty-inequality-model-answers.html                ld-blocks 3 IDENTICAL
economics_price-determination-model-answers.html               ld-blocks 4 IDENTICAL
economics_revenue-costs-profits-model-answers.html             ld-blocks 3 IDENTICAL
economics_supply-model-answers.html                            ld-blocks 4 IDENTICAL
economics_trade-global-economy-model-answers.html              ld-blocks 3 IDENTICAL
economics_types-sizes-businesses-model-answers.html            ld-blocks 2 IDENTICAL
pages with a head/JSON-LD difference: 0
