business_entrepreneurs-leaders-model-answers.html              hunks  4  removed lab-counts,lab-coverage,lab-note,seo-cta  added lab-quiet-link  OK
business_external-influences-model-answers.html                hunks  4  removed lab-counts,lab-coverage,lab-note,seo-cta  added lab-quiet-link  OK
business_financial-planning-model-answers.html                 hunks  4  removed lab-counts,lab-coverage,lab-note,seo-cta  added lab-quiet-link  OK
business_managing-finance-model-answers.html                   hunks  4  removed lab-counts,lab-coverage,lab-note,seo-cta  added lab-quiet-link  OK
business_managing-people-model-answers.html                    hunks  4  removed lab-counts,lab-coverage,lab-note,seo-cta  added lab-quiet-link  OK
business_marketing-mix-model-answers.html                      hunks  6  removed lab-counts,lab-coverage,lab-dr-card,lab-note,seo-cta  added lab-quiet-link  OK
business_meeting-customer-needs-model-answers.html             hunks  6  removed lab-counts,lab-coverage,lab-dr-card,lab-note,seo-cta  added lab-quiet-link  OK
business_raising-finance-model-answers.html                    hunks  4  removed lab-counts,lab-coverage,lab-note,seo-cta  added lab-quiet-link  OK
business_resource-management-model-answers.html                hunks  4  removed lab-counts,lab-coverage,lab-note,seo-cta  added lab-quiet-link  OK
business_the-market-model-answers.html                         hunks  6  removed lab-counts,lab-coverage,lab-dr-card,lab-note,seo-cta  added lab-quiet-link  OK
economics_aggregate-demand-model-answers.html                  hunks  4  removed lab-counts,lab-coverage,lab-note,seo-cta  added lab-quiet-link  OK
economics_aggregate-supply-model-answers.html                  hunks  4  removed lab-counts,lab-coverage,lab-note,seo-cta  added lab-quiet-link  OK
economics_balance-payments-exchange-rates-model-answers.html   hunks  4  removed lab-counts,lab-coverage,lab-note,seo-cta  added lab-quiet-link  OK
economics_causes-effects-globalisation-model-answers.html      hunks  4  removed lab-counts,lab-coverage,lab-note,seo-cta  added lab-quiet-link  OK
economics_demand-model-answers.html                            hunks  6  removed lab-counts,lab-coverage,lab-dr-card,lab-note,seo-cta  added lab-quiet-link  OK
economics_economic-growth-model-answers.html                   hunks  4  removed lab-counts,lab-coverage,lab-note,seo-cta  added lab-quiet-link  OK
economics_economic-performance-model-answers.html              hunks  4  removed lab-counts,lab-coverage,lab-note,seo-cta  added lab-quiet-link  OK
economics_government-intervention-firms-model-answers.html     hunks  4  removed lab-counts,lab-coverage,lab-note,seo-cta  added lab-quiet-link  OK
economics_government-intervention-model-answers.html           hunks  4  removed lab-counts,lab-coverage,lab-note,seo-cta  added lab-quiet-link  OK
economics_growth-development-model-answers.html                hunks  4  removed lab-counts,lab-coverage,lab-note,seo-cta  added lab-quiet-link  OK
economics_introductory-concepts-model-answers.html             hunks  4  removed lab-counts,lab-coverage,lab-note,seo-cta  added lab-quiet-link  OK
economics_labour-markets-model-answers.html                    hunks  4  removed lab-counts,lab-coverage,lab-note,seo-cta  added lab-quiet-link  OK
economics_macroeconomic-policies-model-answers.html            hunks  4  removed lab-counts,lab-coverage,lab-note,seo-cta  added lab-quiet-link  OK
economics_market-structures-contestability-model-answers.html  hunks  4  removed lab-counts,lab-coverage,lab-note,seo-cta  added lab-quiet-link  OK
economics_national-income-model-answers.html                   hunks  4  removed lab-counts,lab-coverage,lab-note,seo-cta  added lab-quiet-link  OK
economics_poverty-inequality-model-answers.html                hunks  4  removed lab-counts,lab-coverage,lab-note,seo-cta  added lab-quiet-link  OK
economics_price-determination-model-answers.html               hunks  6  removed lab-counts,lab-coverage,lab-dr-card,lab-note,seo-cta  added lab-quiet-link  OK
economics_revenue-costs-profits-model-answers.html             hunks  4  removed lab-counts,lab-coverage,lab-note,seo-cta  added lab-quiet-link  OK
economics_supply-model-answers.html                            hunks  4  removed lab-counts,lab-coverage,lab-note,seo-cta  added lab-quiet-link  OK
economics_trade-global-economy-model-answers.html              hunks  4  removed lab-counts,lab-coverage,lab-note,seo-cta  added lab-quiet-link  OK
economics_types-sizes-businesses-model-answers.html            hunks  4  removed lab-counts,lab-coverage,lab-note,seo-cta  added lab-quiet-link  OK
pages compared: 31, pages with a difference outside E071: 0
