
growth-development — packet 46
  before: 14 BLOCK / 43 DEBT / 4 INFO (0 recoverable)
  after:  0 BLOCK / 1 DEBT / 2 INFO (0 recoverable)
  new:    0 BLOCK / 0 DEBT · carried 1 · would clear 50 baselined findings on publish
  43 of 43 specification leaves evidenced in the teaching text (100%)
  7 blocks · 34 subsections · 44 quiz (3 unpinned) · 10 practice · 43 flashcards · 7 mistakes · 7 diagrams (16 views) · 4 chains · 3 evaluation
  recalls: 34 of 34 subsections — 9 classify, 9 match, 10 reorder, 6 fillin
  spine:  HDI 0.657 · g = 12 ÷ 4 = 3% · gap 12 pts · ToT 75 · dependency 85 · buffer +80/−20
  pins:   quiz [[3,4,5,6,7],[8,9,10,11,12,13],[14,15,16,17,18],[19,20,21,22,23],[24,25,26,27,28,29],[30,31,32,33,34,35],[36,37,38,39,40,41,42,43]] · practice [[0,1],[2,3],[4],[5],[6],[7],[8,9]]
  carried DEBT quant.unit section: no quantitative drill template is registered for WEC14

packet checks
  SCOPE      4.3.6 only; Fairtrade, Dutch disease, sustainability / green growth / Kuznets / Paris,
             MPI / IHDI, structural adjustment, and exchange-rate mechanics banned — each A/B'd and each
             grepped ABSENT from econ_spec.txt; poverty measures (4.3.4), trade barriers (4.3.2) and
             exchange-rate systems (4.3.3) pointed at within a budget, every pointer cited
  NUMBERING  the oracle re-read (50 rows / 43 leaves), every leaf mapped and its own words found in
             the mapped subsection, the spec's five lists matched to :1899-1968, ten lines asserted
  ARITHMETIC HDI by the UNDP method; g = s ÷ k everywhere it is printed; share × fall; terms of
             trade; dependency ratios; the buffer stock off the demand curve both ways; the Lewis
             and currency diagrams off both curves
  PINS       derived from each item's block tag; 7 blocks, each with its own diagram, quiz and
             practice; 10 free quiz items against FREE_QUIZ_MAX (read from lib/preview-limits.js)
  QUIZ       keys dealt from a hash, histogram measured, no length tell, no hedge tell, no letter, no
             ordinal (A/B'd), no near-duplicate stems, nothing tested that is not taught, no check-in
             printing its own numeric key on its diagram
  PRACTICE   Appendix 6 parsed; every WEC14 data-question tariff read from ial-paper-structure.json,
             both Calculate tariffs, three 20-mark essays; openings clean; points to 6, levels above
  RECALLS    34 of 34, all four types, one blank per line, no answer printed in its own
             recall or hints, no shared reorder items, and the shared recall.recoverable measure at 0
  DIAGRAMS   7 on a 400-unit frame, palette parsed, extent, collisions, lines AND bars under
             labels checked on the emitted SVG with every guard A/B'd, and figures counted back out

bundle written to audit/snapshots/packet-46-bundle__economics__growth-development.json

staged to draft: {"ok":true,"staged":["section_content","section_notes","section_quiz","section_practice","section_flashcards","section_diagrams","section_extras","section_common_mistakes"],"unchanged":[],"summary":{"sectionId":"growth-development","subject":"economics","unitCode":"WEC14","number":"4.3.6","block":0,"debt":1,"info":2},"newBlocks":0,"newDebt":0}
