
role-state-macroeconomy — packet 52
  before: 16 BLOCK / 35 DEBT / 3 INFO (0 recoverable)
  after:  0 BLOCK / 1 DEBT / 2 INFO (0 recoverable)
  new:    0 BLOCK / 0 DEBT · carried 1 · would clear 46 baselined findings on publish
  38 of 38 specification leaves evidenced in the teaching text (100%)
  7 blocks · 35 subsections · 43 quiz (3 unpinned) · 10 practice · 37 flashcards · 7 mistakes · 7 diagrams (15 views) · 4 chains · 3 evaluation
  recalls: 35 of 35 subsections — 15 classify, 7 match, 8 fillin, 5 reorder
  spine:  spending $160bn = 40% of GDP · deficit 16 · debt 240 → 256 · recession 16 + 12 = 28 · interest 12 · transfer pricing tax 12 → 3.25
  pins:   quiz [[3,4,5,6,7],[8,9,10,11,12],[13,14,15,16,17,18],[19,20,21,22,23],[24,25,26,27,28,29,30],[31,32,33,34,35,36],[37,38,39,40,41,42]] · practice [[0],[1],[2,3],[4,5],[6],[7,8],[9]]
  carried DEBT quant.unit section: no quantitative drill template is registered for WEC14

packet checks
  SCOPE      4.3.5 only; public goods, moral hazard and incidence (owned by 1.3.5 / 1.3.4) and merit
             goods, UBI, loanable funds, credit ratings and inflation risk (0 hits) banned — each A/B'd,
             the owned ones found at their owning line and outside 4.3.5, the rest grepped ABSENT;
             4.3.4, 4.3.2, 4.3.3, 2.3.6, 2.3.4 and 3.3.5 pointed at within a budget, every pointer cited
  NUMBERING  the oracle re-read (47 rows / 38 leaves, 14 in section 4), every leaf mapped and its
             own words found in the mapped subsection, the spec's seven lists matched to :1824-1893,
             sixteen lines asserted, "2008" found once in the spec and used only for 4b
  ARITHMETIC spending, deficit, debt, stabilisers, structural/cyclical, interest, crowding out, the
             income tax band by band, the sales tax, Laffer, imports, FDI returns, transfer pricing;
             every AD/AS equilibrium on both curves and every direction asserted
  PINS       derived from each item's block tag; 7 blocks, each with its own diagram, quiz and
             practice; 10 free quiz items against FREE_QUIZ_MAX (read from lib/preview-limits.js)
  QUIZ       keys dealt from a hash, histogram measured, no length tell, no hedge tell, no letter, no
             ordinal (A/B'd), no near-duplicate stems, nothing tested that is not taught, no check-in
             printing its own numeric key on its diagram
  PRACTICE   Appendix 6 parsed; every WEC14 data-question tariff read from ial-paper-structure.json,
             both Calculate tariffs, three 20-mark essays; openings clean; points to 6, levels above
  RECALLS    35 of 35, all four types, one blank per line, no answer printed in its own
             recall or hints, no shared reorder items, and the shared recall.recoverable measure at 0
  DIAGRAMS   7 on a 400-unit frame, palette parsed, extent, collisions, lines AND bars under
             labels checked on the emitted SVG with every guard A/B'd, and figures counted back out

bundle written to audit/snapshots/packet-52-bundle__economics__role-state-macroeconomy.json

staged to draft: {"ok":true,"staged":["section_content","section_notes","section_quiz","section_practice","section_flashcards","section_diagrams","section_extras","section_common_mistakes"],"unchanged":[],"summary":{"sectionId":"role-state-macroeconomy","subject":"economics","unitCode":"WEC14","number":"4.3.5","block":0,"debt":1,"info":2},"newBlocks":0,"newDebt":0}
