content              identical
notes                identical
diagrams             identical
practice             identical
quiz                 DIFFERS
flashcards           identical
extras               identical
mistakes             identical
counts               identical
isPremium            identical
contentVersionSince  identical
draft steps: 26 headers: The Demand for Labour | The Supply of Labour | Wage Determination in a Competitive Market | Trade Unions and Public-Sector Pay | Market Failure in the Labour Market
pins draft: [["labour-markets:diagram:0cb19ee8",null,[0]],["labour-markets:diagram:b00dccd9",null,[1]],["labour-markets:diagram:8898e521",null,[2]],["labour-markets:diagram:8da82be6",null,[3]],["labour-markets:diagram:98be411e",null,[4]]]
pins live : [["labour-markets:diagram:0cb19ee8",null,[0]],["labour-markets:diagram:b00dccd9",null,[1]],["labour-markets:diagram:8898e521",null,[2]],["labour-markets:diagram:8da82be6",null,[3]],["labour-markets:diagram:98be411e",null,[4]]]
0 new id key draft 0 live 0 changed | live: A rise in the price of the product a firm sells is most likely to:
1 new id key draft 0 live 0 changed | live: Which of these would shift the supply of labour to an occupation to th
2 new id key draft 2 live 2 changed | live: At a wage above equilibrium in a competitive labour market there will 
3 new id key draft 0 live 0 changed | live: A trade union wins a pay deal above the market-clearing wage. The most
4 new id key draft 3 live 3 changed | live: Geographical immobility of labour is most likely to cause:
5 same id key draft 1 live 1 identical | live: The demand for labour is described as a derived demand because it:
6 same id key draft 1 live 1 identical | live: A profit-seeking firm stops taking on workers when the output of one m
7 same id key draft 1 live 1 identical | live: Each additional worker in a workshop adds less output than the one bef
