{
 "leafTotal": 1165,
 "rows": [
  {
   "slug": "assessing-competitiveness",
   "questions": 5,
   "examined": 0,
   "leaves": 18,
   "pct": 0
  },
  {
   "slug": "business-growth",
   "questions": 5,
   "examined": 0,
   "leaves": 16,
   "pct": 0
  },
  {
   "slug": "business-objectives-strategy",
   "questions": 5,
   "examined": 0,
   "leaves": 11,
   "pct": 0
  },
  {
   "slug": "decision-making-techniques",
   "questions": 5,
   "examined": 0,
   "leaves": 20,
   "pct": 0
  },
  {
   "slug": "entrepreneurs-leaders",
   "questions": 7,
   "examined": 3,
   "leaves": 18,
   "pct": 16.7
  },
  {
   "slug": "external-influences",
   "questions": 6,
   "examined": 1,
   "leaves": 15,
   "pct": 6.7
  },
  {
   "slug": "financial-planning",
   "questions": 7,
   "examined": 4,
   "leaves": 21,
   "pct": 19
  },
  {
   "slug": "global-industries-mncs",
   "questions": 5,
   "examined": 0,
   "leaves": 24,
   "pct": 0
  },
  {
   "slug": "global-marketing",
   "questions": 5,
   "examined": 0,
   "leaves": 13,
   "pct": 0
  },
  {
   "slug": "global-markets-expansion",
   "questions": 5,
   "examined": 0,
   "leaves": 33,
   "pct": 0
  },
  {
   "slug": "globalisation",
   "questions": 5,
   "examined": 0,
   "leaves": 28,
   "pct": 0
  },
  {
   "slug": "influences-business-decisions",
   "questions": 5,
   "examined": 0,
   "leaves": 15,
   "pct": 0
  },
  {
   "slug": "managing-change",
   "questions": 5,
   "examined": 0,
   "leaves": 10,
   "pct": 0
  },
  {
   "slug": "managing-finance",
   "questions": 8,
   "examined": 5,
   "leaves": 24,
   "pct": 20.8
  },
  {
   "slug": "managing-people",
   "questions": 8,
   "examined": 10,
   "leaves": 46,
   "pct": 21.7
  },
  {
   "slug": "marketing-mix-strategy",
   "questions": 7,
   "examined": 2,
   "leaves": 46,
   "pct": 4.3
  },
  {
   "slug": "meeting-customer-needs",
   "questions": 8,
   "examined": 10,
   "leaves": 29,
   "pct": 34.5
  },
  {
   "slug": "planning-raising-finance",
   "questions": 7,
   "examined": 8,
   "leaves": 23,
   "pct": 34.8
  },
  {
   "slug": "resource-management",
   "questions": 7,
   "examined": 5,
   "leaves": 28,
   "pct": 17.9
  },
  {
   "slug": "the-market",
   "questions": 5,
   "examined": 0,
   "leaves": 24,
   "pct": 0
  },
  {
   "slug": "aggregate-demand",
   "questions": 8,
   "examined": 0,
   "leaves": 31,
   "pct": 0
  },
  {
   "slug": "aggregate-supply",
   "questions": 7,
   "examined": 0,
   "leaves": 14,
   "pct": 0
  },
  {
   "slug": "balance-payments-exchange-rates",
   "questions": 7,
   "examined": 0,
   "leaves": 42,
   "pct": 0
  },
  {
   "slug": "causes-effects-globalisation",
   "questions": 7,
   "examined": 0,
   "leaves": 22,
   "pct": 0
  },
  {
   "slug": "consumer-behaviour-demand",
   "questions": 7,
   "examined": 0,
   "leaves": 39,
   "pct": 0
  },
  {
   "slug": "economic-growth",
   "questions": 8,
   "examined": 0,
   "leaves": 23,
   "pct": 0
  },
  {
   "slug": "government-intervention",
   "questions": 7,
   "examined": 0,
   "leaves": 23,
   "pct": 0
  },
  {
   "slug": "government-intervention-firms",
   "questions": 7,
   "examined": 0,
   "leaves": 33,
   "pct": 0
  },
  {
   "slug": "growth-development",
   "questions": 7,
   "examined": 0,
   "leaves": 43,
   "pct": 0
  },
  {
   "slug": "introductory-concepts",
   "questions": 7,
   "examined": 0,
   "leaves": 27,
   "pct": 0
  },
  {
   "slug": "labour-markets",
   "questions": 7,
   "examined": 0,
   "leaves": 17,
   "pct": 0
  },
  {
   "slug": "macroeconomic-objectives-policies",
   "questions": 7,
   "examined": 0,
   "leaves": 34,
   "pct": 0
  },
  {
   "slug": "market-failure",
   "questions": 8,
   "examined": 7,
   "leaves": 35,
   "pct": 20
  },
  {
   "slug": "market-structures-contestability",
   "questions": 6,
   "examined": 0,
   "leaves": 54,
   "pct": 0
  },
  {
   "slug": "measures-economic-performance",
   "questions": 8,
   "examined": 0,
   "leaves": 48,
   "pct": 0
  },
  {
   "slug": "national-income",
   "questions": 7,
   "examined": 0,
   "leaves": 19,
   "pct": 0
  },
  {
   "slug": "poverty-inequality",
   "questions": 6,
   "examined": 0,
   "leaves": 21,
   "pct": 0
  },
  {
   "slug": "price-determination",
   "questions": 7,
   "examined": 0,
   "leaves": 11,
   "pct": 0
  },
  {
   "slug": "revenue-costs-profits",
   "questions": 7,
   "examined": 0,
   "leaves": 34,
   "pct": 0
  },
  {
   "slug": "role-state-macroeconomy",
   "questions": 5,
   "examined": 0,
   "leaves": 38,
   "pct": 0
  },
  {
   "slug": "supply",
   "questions": 7,
   "examined": 0,
   "leaves": 19,
   "pct": 0
  },
  {
   "slug": "trade-global-economy",
   "questions": 7,
   "examined": 0,
   "leaves": 46,
   "pct": 0
  },
  {
   "slug": "types-sizes-businesses",
   "questions": 7,
   "examined": 0,
   "leaves": 30,
   "pct": 0
  }
 ],
 "failures": [
  {
   "rule": "tariff",
   "section": "entrepreneurs-leaders",
   "ref": "entrepreneurs-leaders:0",
   "bank": "section_practice",
   "detail": "Define 4 is not a Business tariff (lib/ial-marking.js)",
   "key": "tariff|entrepreneurs-leaders|entrepreneurs-leaders:0|Define 4"
  },
  {
   "rule": "tariff",
   "section": "entrepreneurs-leaders",
   "ref": "entrepreneurs-leaders:1",
   "bank": "section_practice",
   "detail": "Explain 6 is not a Business tariff (lib/ial-marking.js)",
   "key": "tariff|entrepreneurs-leaders|entrepreneurs-leaders:1|Explain 6"
  },
  {
   "rule": "tariff",
   "section": "entrepreneurs-leaders",
   "ref": "entrepreneurs-leaders:4",
   "bank": "section_practice",
   "detail": "Explain 6 is not a Business tariff (lib/ial-marking.js)",
   "key": "tariff|entrepreneurs-leaders|entrepreneurs-leaders:4|Explain 6"
  },
  {
   "rule": "tariff",
   "section": "external-influences",
   "ref": "external-influences:0",
   "bank": "section_practice",
   "detail": "Define 4 is not a Business tariff (lib/ial-marking.js)",
   "key": "tariff|external-influences|external-influences:0|Define 4"
  },
  {
   "rule": "tariff",
   "section": "external-influences",
   "ref": "external-influences:1",
   "bank": "section_practice",
   "detail": "Explain 6 is not a Business tariff (lib/ial-marking.js)",
   "key": "tariff|external-influences|external-influences:1|Explain 6"
  },
  {
   "rule": "tariff",
   "section": "external-influences",
   "ref": "external-influences:4",
   "bank": "section_practice",
   "detail": "Outline 4 is not a Business tariff (lib/ial-marking.js)",
   "key": "tariff|external-influences|external-influences:4|Outline 4"
  },
  {
   "rule": "tariff",
   "section": "financial-planning",
   "ref": "financial-planning:0",
   "bank": "section_practice",
   "detail": "Define 4 is not a Business tariff (lib/ial-marking.js)",
   "key": "tariff|financial-planning|financial-planning:0|Define 4"
  },
  {
   "rule": "tariff",
   "section": "financial-planning",
   "ref": "financial-planning:1",
   "bank": "section_practice",
   "detail": "Explain 6 is not a Business tariff (lib/ial-marking.js)",
   "key": "tariff|financial-planning|financial-planning:1|Explain 6"
  },
  {
   "rule": "tariff",
   "section": "financial-planning",
   "ref": "financial-planning:4",
   "bank": "section_practice",
   "detail": "Outline 4 is not a Business tariff (lib/ial-marking.js)",
   "key": "tariff|financial-planning|financial-planning:4|Outline 4"
  },
  {
   "rule": "tariff",
   "section": "managing-finance",
   "ref": "managing-finance:0",
   "bank": "section_practice",
   "detail": "Define 4 is not a Business tariff (lib/ial-marking.js)",
   "key": "tariff|managing-finance|managing-finance:0|Define 4"
  },
  {
   "rule": "tariff",
   "section": "managing-finance",
   "ref": "managing-finance:1",
   "bank": "section_practice",
   "detail": "Explain 6 is not a Business tariff (lib/ial-marking.js)",
   "key": "tariff|managing-finance|managing-finance:1|Explain 6"
  },
  {
   "rule": "tariff",
   "section": "managing-finance",
   "ref": "managing-finance:4",
   "bank": "section_practice",
   "detail": "Explain 6 is not a Business tariff (lib/ial-marking.js)",
   "key": "tariff|managing-finance|managing-finance:4|Explain 6"
  },
  {
   "rule": "tariff",
   "section": "managing-people",
   "ref": "managing-people:0",
   "bank": "section_practice",
   "detail": "Outline 4 is not a Business tariff (lib/ial-marking.js)",
   "key": "tariff|managing-people|managing-people:0|Outline 4"
  },
  {
   "rule": "tariff",
   "section": "managing-people",
   "ref": "managing-people:1",
   "bank": "section_practice",
   "detail": "Explain 6 is not a Business tariff (lib/ial-marking.js)",
   "key": "tariff|managing-people|managing-people:1|Explain 6"
  },
  {
   "rule": "tariff",
   "section": "managing-people",
   "ref": "managing-people:4",
   "bank": "section_practice",
   "detail": "Define 4 is not a Business tariff (lib/ial-marking.js)",
   "key": "tariff|managing-people|managing-people:4|Define 4"
  },
  {
   "rule": "tariff",
   "section": "marketing-mix-strategy",
   "ref": "marketing-mix-strategy:0",
   "bank": "section_practice",
   "detail": "Define 4 is not a Business tariff (lib/ial-marking.js)",
   "key": "tariff|marketing-mix-strategy|marketing-mix-strategy:0|Define 4"
  },
  {
   "rule": "tariff",
   "section": "marketing-mix-strategy",
   "ref": "marketing-mix-strategy:1",
   "bank": "section_practice",
   "detail": "Explain 6 is not a Business tariff (lib/ial-marking.js)",
   "key": "tariff|marketing-mix-strategy|marketing-mix-strategy:1|Explain 6"
  },
  {
   "rule": "tariff",
   "section": "marketing-mix-strategy",
   "ref": "marketing-mix-strategy:4",
   "bank": "section_practice",
   "detail": "Explain 6 is not a Business tariff (lib/ial-marking.js)",
   "key": "tariff|marketing-mix-strategy|marketing-mix-strategy:4|Explain 6"
  },
  {
   "rule": "tariff",
   "section": "meeting-customer-needs",
   "ref": "meeting-customer-needs:0",
   "bank": "section_practice",
   "detail": "Define 4 is not a Business tariff (lib/ial-marking.js)",
   "key": "tariff|meeting-customer-needs|meeting-customer-needs:0|Define 4"
  },
  {
   "rule": "tariff",
   "section": "meeting-customer-needs",
   "ref": "meeting-customer-needs:1",
   "bank": "section_practice",
   "detail": "Explain 6 is not a Business tariff (lib/ial-marking.js)",
   "key": "tariff|meeting-customer-needs|meeting-customer-needs:1|Explain 6"
  },
  {
   "rule": "tariff",
   "section": "meeting-customer-needs",
   "ref": "meeting-customer-needs:4",
   "bank": "section_practice",
   "detail": "Outline 4 is not a Business tariff (lib/ial-marking.js)",
   "key": "tariff|meeting-customer-needs|meeting-customer-needs:4|Outline 4"
  },
  {
   "rule": "tariff",
   "section": "planning-raising-finance",
   "ref": "planning-raising-finance:0",
   "bank": "section_practice",
   "detail": "Define 4 is not a Business tariff (lib/ial-marking.js)",
   "key": "tariff|planning-raising-finance|planning-raising-finance:0|Define 4"
  },
  {
   "rule": "tariff",
   "section": "planning-raising-finance",
   "ref": "planning-raising-finance:1",
   "bank": "section_practice",
   "detail": "Explain 6 is not a Business tariff (lib/ial-marking.js)",
   "key": "tariff|planning-raising-finance|planning-raising-finance:1|Explain 6"
  },
  {
   "rule": "tariff",
   "section": "planning-raising-finance",
   "ref": "planning-raising-finance:4",
   "bank": "section_practice",
   "detail": "Outline 4 is not a Business tariff (lib/ial-marking.js)",
   "key": "tariff|planning-raising-finance|planning-raising-finance:4|Outline 4"
  },
  {
   "rule": "tariff",
   "section": "resource-management",
   "ref": "resource-management:0",
   "bank": "section_practice",
   "detail": "Define 4 is not a Business tariff (lib/ial-marking.js)",
   "key": "tariff|resource-management|resource-management:0|Define 4"
  },
  {
   "rule": "tariff",
   "section": "resource-management",
   "ref": "resource-management:1",
   "bank": "section_practice",
   "detail": "Explain 6 is not a Business tariff (lib/ial-marking.js)",
   "key": "tariff|resource-management|resource-management:1|Explain 6"
  },
  {
   "rule": "tariff",
   "section": "resource-management",
   "ref": "resource-management:4",
   "bank": "section_practice",
   "detail": "Outline 4 is not a Business tariff (lib/ial-marking.js)",
   "key": "tariff|resource-management|resource-management:4|Outline 4"
  },
  {
   "rule": "tariff",
   "section": "the-market",
   "ref": "the-market:0",
   "bank": "section_practice",
   "detail": "Define 4 is not a Business tariff (lib/ial-marking.js)",
   "key": "tariff|the-market|the-market:0|Define 4"
  },
  {
   "rule": "tariff",
   "section": "the-market",
   "ref": "the-market:1",
   "bank": "section_practice",
   "detail": "Explain 6 is not a Business tariff (lib/ial-marking.js)",
   "key": "tariff|the-market|the-market:1|Explain 6"
  },
  {
   "rule": "tariff",
   "section": "the-market",
   "ref": "the-market:2",
   "bank": "section_practice",
   "detail": "Analyse 10 is not a Business tariff (lib/ial-marking.js)",
   "key": "tariff|the-market|the-market:2|Analyse 10"
  },
  {
   "rule": "tariff",
   "section": "the-market",
   "ref": "the-market:4",
   "bank": "section_practice",
   "detail": "Outline 4 is not a Business tariff (lib/ial-marking.js)",
   "key": "tariff|the-market|the-market:4|Outline 4"
  },
  {
   "rule": "tariff",
   "section": "aggregate-demand",
   "ref": "aggregate-demand:0",
   "bank": "section_practice",
   "detail": "Define 4 is not an Economics tariff (lib/ial-marking.js)",
   "key": "tariff|aggregate-demand|aggregate-demand:0|Define 4"
  },
  {
   "rule": "tariff",
   "section": "aggregate-demand",
   "ref": "aggregate-demand:1",
   "bank": "section_practice",
   "detail": "Explain 6 is not an Economics tariff (lib/ial-marking.js)",
   "key": "tariff|aggregate-demand|aggregate-demand:1|Explain 6"
  },
  {
   "rule": "tariff",
   "section": "aggregate-demand",
   "ref": "aggregate-demand:2",
   "bank": "section_practice",
   "detail": "Analyse 10 is not an Economics tariff (lib/ial-marking.js)",
   "key": "tariff|aggregate-demand|aggregate-demand:2|Analyse 10"
  },
  {
   "rule": "tariff",
   "section": "aggregate-demand",
   "ref": "aggregate-demand:4",
   "bank": "section_practice",
   "detail": "Outline 4 is not an Economics tariff (lib/ial-marking.js)",
   "key": "tariff|aggregate-demand|aggregate-demand:4|Outline 4"
  },
  {
   "rule": "tariff",
   "section": "aggregate-supply",
   "ref": "aggregate-supply:0",
   "bank": "section_practice",
   "detail": "Define 4 is not an Economics tariff (lib/ial-marking.js)",
   "key": "tariff|aggregate-supply|aggregate-supply:0|Define 4"
  },
  {
   "rule": "tariff",
   "section": "aggregate-supply",
   "ref": "aggregate-supply:1",
   "bank": "section_practice",
   "detail": "Explain 6 is not an Economics tariff (lib/ial-marking.js)",
   "key": "tariff|aggregate-supply|aggregate-supply:1|Explain 6"
  },
  {
   "rule": "tariff",
   "section": "aggregate-supply",
   "ref": "aggregate-supply:2",
   "bank": "section_practice",
   "detail": "Assess 10 is not an Economics tariff (lib/ial-marking.js)",
   "key": "tariff|aggregate-supply|aggregate-supply:2|Assess 10"
  },
  {
   "rule": "tariff",
   "section": "aggregate-supply",
   "ref": "aggregate-supply:4",
   "bank": "section_practice",
   "detail": "Outline 4 is not an Economics tariff (lib/ial-marking.js)",
   "key": "tariff|aggregate-supply|aggregate-supply:4|Outline 4"
  },
  {
   "rule": "tariff",
   "section": "balance-payments-exchange-rates",
   "ref": "balance-payments-exchange-rates:0",
   "bank": "section_practice",
   "detail": "Define 4 is not an Economics tariff (lib/ial-marking.js)",
   "key": "tariff|balance-payments-exchange-rates|balance-payments-exchange-rates:0|Define 4"
  },
  {
   "rule": "tariff",
   "section": "balance-payments-exchange-rates",
   "ref": "balance-payments-exchange-rates:1",
   "bank": "section_practice",
   "detail": "Explain 6 is not an Economics tariff (lib/ial-marking.js)",
   "key": "tariff|balance-payments-exchange-rates|balance-payments-exchange-rates:1|Explain 6"
  },
  {
   "rule": "tariff",
   "section": "balance-payments-exchange-rates",
   "ref": "balance-payments-exchange-rates:2",
   "bank": "section_practice",
   "detail": "Assess 10 is not an Economics tariff (lib/ial-marking.js)",
   "key": "tariff|balance-payments-exchange-rates|balance-payments-exchange-rates:2|Assess 10"
  },
  {
   "rule": "tariff",
   "section": "balance-payments-exchange-rates",
   "ref": "balance-payments-exchange-rates:4",
   "bank": "section_practice",
   "detail": "Outline 4 is not an Economics tariff (lib/ial-marking.js)",
   "key": "tariff|balance-payments-exchange-rates|balance-payments-exchange-rates:4|Outline 4"
  },
  {
   "rule": "tariff",
   "section": "causes-effects-globalisation",
   "ref": "causes-effects-globalisation:0",
   "bank": "section_practice",
   "detail": "Define 4 is not an Economics tariff (lib/ial-marking.js)",
   "key": "tariff|causes-effects-globalisation|causes-effects-globalisation:0|Define 4"
  },
  {
   "rule": "tariff",
   "section": "causes-effects-globalisation",
   "ref": "causes-effects-globalisation:1",
   "bank": "section_practice",
   "detail": "Explain 6 is not an Economics tariff (lib/ial-marking.js)",
   "key": "tariff|causes-effects-globalisation|causes-effects-globalisation:1|Explain 6"
  },
  {
   "rule": "tariff",
   "section": "causes-effects-globalisation",
   "ref": "causes-effects-globalisation:2",
   "bank": "section_practice",
   "detail": "Assess 10 is not an Economics tariff (lib/ial-marking.js)",
   "key": "tariff|causes-effects-globalisation|causes-effects-globalisation:2|Assess 10"
  },
  {
   "rule": "tariff",
   "section": "causes-effects-globalisation",
   "ref": "causes-effects-globalisation:4",
   "bank": "section_practice",
   "detail": "Outline 4 is not an Economics tariff (lib/ial-marking.js)",
   "key": "tariff|causes-effects-globalisation|causes-effects-globalisation:4|Outline 4"
  },
  {
   "rule": "tariff",
   "section": "consumer-behaviour-demand",
   "ref": "consumer-behaviour-demand:0",
   "bank": "section_practice",
   "detail": "Define 4 is not an Economics tariff (lib/ial-marking.js)",
   "key": "tariff|consumer-behaviour-demand|consumer-behaviour-demand:0|Define 4"
  },
  {
   "rule": "tariff",
   "section": "consumer-behaviour-demand",
   "ref": "consumer-behaviour-demand:1",
   "bank": "section_practice",
   "detail": "Explain 6 is not an Economics tariff (lib/ial-marking.js)",
   "key": "tariff|consumer-behaviour-demand|consumer-behaviour-demand:1|Explain 6"
  },
  {
   "rule": "tariff",
   "section": "consumer-behaviour-demand",
   "ref": "consumer-behaviour-demand:2",
   "bank": "section_practice",
   "detail": "Analyse 10 is not an Economics tariff (lib/ial-marking.js)",
   "key": "tariff|consumer-behaviour-demand|consumer-behaviour-demand:2|Analyse 10"
  },
  {
   "rule": "tariff",
   "section": "consumer-behaviour-demand",
   "ref": "consumer-behaviour-demand:4",
   "bank": "section_practice",
   "detail": "Outline 4 is not an Economics tariff (lib/ial-marking.js)",
   "key": "tariff|consumer-behaviour-demand|consumer-behaviour-demand:4|Outline 4"
  },
  {
   "rule": "tariff",
   "section": "economic-growth",
   "ref": "economic-growth:0",
   "bank": "section_practice",
   "detail": "Define 4 is not an Economics tariff (lib/ial-marking.js)",
   "key": "tariff|economic-growth|economic-growth:0|Define 4"
  },
  {
   "rule": "tariff",
   "section": "economic-growth",
   "ref": "economic-growth:1",
   "bank": "section_practice",
   "detail": "Explain 6 is not an Economics tariff (lib/ial-marking.js)",
   "key": "tariff|economic-growth|economic-growth:1|Explain 6"
  },
  {
   "rule": "tariff",
   "section": "economic-growth",
   "ref": "economic-growth:2",
   "bank": "section_practice",
   "detail": "Assess 10 is not an Economics tariff (lib/ial-marking.js)",
   "key": "tariff|economic-growth|economic-growth:2|Assess 10"
  },
  {
   "rule": "tariff",
   "section": "economic-growth",
   "ref": "economic-growth:4",
   "bank": "section_practice",
   "detail": "Outline 4 is not an Economics tariff (lib/ial-marking.js)",
   "key": "tariff|economic-growth|economic-growth:4|Outline 4"
  },
  {
   "rule": "tariff",
   "section": "government-intervention",
   "ref": "government-intervention:0",
   "bank": "section_practice",
   "detail": "Define 4 is not an Economics tariff (lib/ial-marking.js)",
   "key": "tariff|government-intervention|government-intervention:0|Define 4"
  },
  {
   "rule": "tariff",
   "section": "government-intervention",
   "ref": "government-intervention:1",
   "bank": "section_practice",
   "detail": "Explain 6 is not an Economics tariff (lib/ial-marking.js)",
   "key": "tariff|government-intervention|government-intervention:1|Explain 6"
  },
  {
   "rule": "tariff",
   "section": "government-intervention",
   "ref": "government-intervention:2",
   "bank": "section_practice",
   "detail": "Assess 10 is not an Economics tariff (lib/ial-marking.js)",
   "key": "tariff|government-intervention|government-intervention:2|Assess 10"
  },
  {
   "rule": "tariff",
   "section": "government-intervention",
   "ref": "government-intervention:4",
   "bank": "section_practice",
   "detail": "Outline 4 is not an Economics tariff (lib/ial-marking.js)",
   "key": "tariff|government-intervention|government-intervention:4|Outline 4"
  },
  {
   "rule": "tariff",
   "section": "government-intervention-firms",
   "ref": "government-intervention-firms:0",
   "bank": "section_practice",
   "detail": "Define 4 is not an Economics tariff (lib/ial-marking.js)",
   "key": "tariff|government-intervention-firms|government-intervention-firms:0|Define 4"
  },
  {
   "rule": "tariff",
   "section": "government-intervention-firms",
   "ref": "government-intervention-firms:1",
   "bank": "section_practice",
   "detail": "Explain 6 is not an Economics tariff (lib/ial-marking.js)",
   "key": "tariff|government-intervention-firms|government-intervention-firms:1|Explain 6"
  },
  {
   "rule": "tariff",
   "section": "government-intervention-firms",
   "ref": "government-intervention-firms:2",
   "bank": "section_practice",
   "detail": "Assess 10 is not an Economics tariff (lib/ial-marking.js)",
   "key": "tariff|government-intervention-firms|government-intervention-firms:2|Assess 10"
  },
  {
   "rule": "tariff",
   "section": "government-intervention-firms",
   "ref": "government-intervention-firms:4",
   "bank": "section_practice",
   "detail": "Outline 4 is not an Economics tariff (lib/ial-marking.js)",
   "key": "tariff|government-intervention-firms|government-intervention-firms:4|Outline 4"
  },
  {
   "rule": "tariff",
   "section": "growth-development",
   "ref": "growth-development:0",
   "bank": "section_practice",
   "detail": "Define 4 is not an Economics tariff (lib/ial-marking.js)",
   "key": "tariff|growth-development|growth-development:0|Define 4"
  },
  {
   "rule": "tariff",
   "section": "growth-development",
   "ref": "growth-development:1",
   "bank": "section_practice",
   "detail": "Explain 6 is not an Economics tariff (lib/ial-marking.js)",
   "key": "tariff|growth-development|growth-development:1|Explain 6"
  },
  {
   "rule": "tariff",
   "section": "growth-development",
   "ref": "growth-development:2",
   "bank": "section_practice",
   "detail": "Assess 10 is not an Economics tariff (lib/ial-marking.js)",
   "key": "tariff|growth-development|growth-development:2|Assess 10"
  },
  {
   "rule": "tariff",
   "section": "growth-development",
   "ref": "growth-development:4",
   "bank": "section_practice",
   "detail": "Outline 4 is not an Economics tariff (lib/ial-marking.js)",
   "key": "tariff|growth-development|growth-development:4|Outline 4"
  },
  {
   "rule": "tariff",
   "section": "introductory-concepts",
   "ref": "introductory-concepts:0",
   "bank": "section_practice",
   "detail": "Define 4 is not an Economics tariff (lib/ial-marking.js)",
   "key": "tariff|introductory-concepts|introductory-concepts:0|Define 4"
  },
  {
   "rule": "tariff",
   "section": "introductory-concepts",
   "ref": "introductory-concepts:1",
   "bank": "section_practice",
   "detail": "Explain 6 is not an Economics tariff (lib/ial-marking.js)",
   "key": "tariff|introductory-concepts|introductory-concepts:1|Explain 6"
  },
  {
   "rule": "tariff",
   "section": "introductory-concepts",
   "ref": "introductory-concepts:2",
   "bank": "section_practice",
   "detail": "Assess 10 is not an Economics tariff (lib/ial-marking.js)",
   "key": "tariff|introductory-concepts|introductory-concepts:2|Assess 10"
  },
  {
   "rule": "tariff",
   "section": "introductory-concepts",
   "ref": "introductory-concepts:4",
   "bank": "section_practice",
   "detail": "Outline 4 is not an Economics tariff (lib/ial-marking.js)",
   "key": "tariff|introductory-concepts|introductory-concepts:4|Outline 4"
  },
  {
   "rule": "tariff",
   "section": "labour-markets",
   "ref": "labour-markets:0",
   "bank": "section_practice",
   "detail": "Define 4 is not an Economics tariff (lib/ial-marking.js)",
   "key": "tariff|labour-markets|labour-markets:0|Define 4"
  },
  {
   "rule": "tariff",
   "section": "labour-markets",
   "ref": "labour-markets:1",
   "bank": "section_practice",
   "detail": "Explain 6 is not an Economics tariff (lib/ial-marking.js)",
   "key": "tariff|labour-markets|labour-markets:1|Explain 6"
  },
  {
   "rule": "tariff",
   "section": "labour-markets",
   "ref": "labour-markets:2",
   "bank": "section_practice",
   "detail": "Assess 10 is not an Economics tariff (lib/ial-marking.js)",
   "key": "tariff|labour-markets|labour-markets:2|Assess 10"
  },
  {
   "rule": "tariff",
   "section": "labour-markets",
   "ref": "labour-markets:4",
   "bank": "section_practice",
   "detail": "Outline 4 is not an Economics tariff (lib/ial-marking.js)",
   "key": "tariff|labour-markets|labour-markets:4|Outline 4"
  },
  {
   "rule": "tariff",
   "section": "macroeconomic-objectives-policies",
   "ref": "macroeconomic-objectives-policies:0",
   "bank": "section_practice",
   "detail": "Define 4 is not an Economics tariff (lib/ial-marking.js)",
   "key": "tariff|macroeconomic-objectives-policies|macroeconomic-objectives-policies:0|Define 4"
  },
  {
   "rule": "tariff",
   "section": "macroeconomic-objectives-policies",
   "ref": "macroeconomic-objectives-policies:1",
   "bank": "section_practice",
   "detail": "Explain 6 is not an Economics tariff (lib/ial-marking.js)",
   "key": "tariff|macroeconomic-objectives-policies|macroeconomic-objectives-policies:1|Explain 6"
  },
  {
   "rule": "tariff",
   "section": "macroeconomic-objectives-policies",
   "ref": "macroeconomic-objectives-policies:2",
   "bank": "section_practice",
   "detail": "Assess 10 is not an Economics tariff (lib/ial-marking.js)",
   "key": "tariff|macroeconomic-objectives-policies|macroeconomic-objectives-policies:2|Assess 10"
  },
  {
   "rule": "tariff",
   "section": "macroeconomic-objectives-policies",
   "ref": "macroeconomic-objectives-policies:4",
   "bank": "section_practice",
   "detail": "Outline 4 is not an Economics tariff (lib/ial-marking.js)",
   "key": "tariff|macroeconomic-objectives-policies|macroeconomic-objectives-policies:4|Outline 4"
  },
  {
   "rule": "tariff",
   "section": "market-failure",
   "ref": "market-failure:0",
   "bank": "section_practice",
   "detail": "Define 4 is not an Economics tariff (lib/ial-marking.js)",
   "key": "tariff|market-failure|market-failure:0|Define 4"
  },
  {
   "rule": "tariff",
   "section": "market-failure",
   "ref": "market-failure:1",
   "bank": "section_practice",
   "detail": "Explain 6 is not an Economics tariff (lib/ial-marking.js)",
   "key": "tariff|market-failure|market-failure:1|Explain 6"
  },
  {
   "rule": "tariff",
   "section": "market-failure",
   "ref": "market-failure:2",
   "bank": "section_practice",
   "detail": "Analyse 10 is not an Economics tariff (lib/ial-marking.js)",
   "key": "tariff|market-failure|market-failure:2|Analyse 10"
  },
  {
   "rule": "tariff",
   "section": "market-failure",
   "ref": "market-failure:4",
   "bank": "section_practice",
   "detail": "Outline 4 is not an Economics tariff (lib/ial-marking.js)",
   "key": "tariff|market-failure|market-failure:4|Outline 4"
  },
  {
   "rule": "tariff",
   "section": "market-structures-contestability",
   "ref": "market-structures-contestability:0",
   "bank": "section_practice",
   "detail": "Define 4 is not an Economics tariff (lib/ial-marking.js)",
   "key": "tariff|market-structures-contestability|market-structures-contestability:0|Define 4"
  },
  {
   "rule": "tariff",
   "section": "market-structures-contestability",
   "ref": "market-structures-contestability:1",
   "bank": "section_practice",
   "detail": "Explain 6 is not an Economics tariff (lib/ial-marking.js)",
   "key": "tariff|market-structures-contestability|market-structures-contestability:1|Explain 6"
  },
  {
   "rule": "tariff",
   "section": "market-structures-contestability",
   "ref": "market-structures-contestability:2",
   "bank": "section_practice",
   "detail": "Assess 10 is not an Economics tariff (lib/ial-marking.js)",
   "key": "tariff|market-structures-contestability|market-structures-contestability:2|Assess 10"
  },
  {
   "rule": "tariff",
   "section": "market-structures-contestability",
   "ref": "market-structures-contestability:4",
   "bank": "section_practice",
   "detail": "Outline 4 is not an Economics tariff (lib/ial-marking.js)",
   "key": "tariff|market-structures-contestability|market-structures-contestability:4|Outline 4"
  },
  {
   "rule": "tariff",
   "section": "measures-economic-performance",
   "ref": "measures-economic-performance:0",
   "bank": "section_practice",
   "detail": "Define 4 is not an Economics tariff (lib/ial-marking.js)",
   "key": "tariff|measures-economic-performance|measures-economic-performance:0|Define 4"
  },
  {
   "rule": "tariff",
   "section": "measures-economic-performance",
   "ref": "measures-economic-performance:1",
   "bank": "section_practice",
   "detail": "Explain 6 is not an Economics tariff (lib/ial-marking.js)",
   "key": "tariff|measures-economic-performance|measures-economic-performance:1|Explain 6"
  },
  {
   "rule": "tariff",
   "section": "measures-economic-performance",
   "ref": "measures-economic-performance:2",
   "bank": "section_practice",
   "detail": "Assess 10 is not an Economics tariff (lib/ial-marking.js)",
   "key": "tariff|measures-economic-performance|measures-economic-performance:2|Assess 10"
  },
  {
   "rule": "tariff",
   "section": "measures-economic-performance",
   "ref": "measures-economic-performance:4",
   "bank": "section_practice",
   "detail": "Outline 4 is not an Economics tariff (lib/ial-marking.js)",
   "key": "tariff|measures-economic-performance|measures-economic-performance:4|Outline 4"
  },
  {
   "rule": "tariff",
   "section": "national-income",
   "ref": "national-income:0",
   "bank": "section_practice",
   "detail": "Define 4 is not an Economics tariff (lib/ial-marking.js)",
   "key": "tariff|national-income|national-income:0|Define 4"
  },
  {
   "rule": "tariff",
   "section": "national-income",
   "ref": "national-income:1",
   "bank": "section_practice",
   "detail": "Explain 6 is not an Economics tariff (lib/ial-marking.js)",
   "key": "tariff|national-income|national-income:1|Explain 6"
  },
  {
   "rule": "tariff",
   "section": "national-income",
   "ref": "national-income:2",
   "bank": "section_practice",
   "detail": "Assess 10 is not an Economics tariff (lib/ial-marking.js)",
   "key": "tariff|national-income|national-income:2|Assess 10"
  },
  {
   "rule": "tariff",
   "section": "national-income",
   "ref": "national-income:4",
   "bank": "section_practice",
   "detail": "Outline 4 is not an Economics tariff (lib/ial-marking.js)",
   "key": "tariff|national-income|national-income:4|Outline 4"
  },
  {
   "rule": "tariff",
   "section": "poverty-inequality",
   "ref": "poverty-inequality:0",
   "bank": "section_practice",
   "detail": "Define 4 is not an Economics tariff (lib/ial-marking.js)",
   "key": "tariff|poverty-inequality|poverty-inequality:0|Define 4"
  },
  {
   "rule": "tariff",
   "section": "poverty-inequality",
   "ref": "poverty-inequality:1",
   "bank": "section_practice",
   "detail": "Explain 6 is not an Economics tariff (lib/ial-marking.js)",
   "key": "tariff|poverty-inequality|poverty-inequality:1|Explain 6"
  },
  {
   "rule": "tariff",
   "section": "poverty-inequality",
   "ref": "poverty-inequality:2",
   "bank": "section_practice",
   "detail": "Assess 10 is not an Economics tariff (lib/ial-marking.js)",
   "key": "tariff|poverty-inequality|poverty-inequality:2|Assess 10"
  },
  {
   "rule": "tariff",
   "section": "poverty-inequality",
   "ref": "poverty-inequality:4",
   "bank": "section_practice",
   "detail": "Outline 4 is not an Economics tariff (lib/ial-marking.js)",
   "key": "tariff|poverty-inequality|poverty-inequality:4|Outline 4"
  },
  {
   "rule": "tariff",
   "section": "price-determination",
   "ref": "price-determination:0",
   "bank": "section_practice",
   "detail": "Define 4 is not an Economics tariff (lib/ial-marking.js)",
   "key": "tariff|price-determination|price-determination:0|Define 4"
  },
  {
   "rule": "tariff",
   "section": "price-determination",
   "ref": "price-determination:1",
   "bank": "section_practice",
   "detail": "Explain 6 is not an Economics tariff (lib/ial-marking.js)",
   "key": "tariff|price-determination|price-determination:1|Explain 6"
  },
  {
   "rule": "tariff",
   "section": "price-determination",
   "ref": "price-determination:2",
   "bank": "section_practice",
   "detail": "Assess 10 is not an Economics tariff (lib/ial-marking.js)",
   "key": "tariff|price-determination|price-determination:2|Assess 10"
  },
  {
   "rule": "tariff",
   "section": "price-determination",
   "ref": "price-determination:4",
   "bank": "section_practice",
   "detail": "Outline 4 is not an Economics tariff (lib/ial-marking.js)",
   "key": "tariff|price-determination|price-determination:4|Outline 4"
  },
  {
   "rule": "tariff",
   "section": "revenue-costs-profits",
   "ref": "revenue-costs-profits:0",
   "bank": "section_practice",
   "detail": "Define 4 is not an Economics tariff (lib/ial-marking.js)",
   "key": "tariff|revenue-costs-profits|revenue-costs-profits:0|Define 4"
  },
  {
   "rule": "tariff",
   "section": "revenue-costs-profits",
   "ref": "revenue-costs-profits:1",
   "bank": "section_practice",
   "detail": "Explain 6 is not an Economics tariff (lib/ial-marking.js)",
   "key": "tariff|revenue-costs-profits|revenue-costs-profits:1|Explain 6"
  },
  {
   "rule": "tariff",
   "section": "revenue-costs-profits",
   "ref": "revenue-costs-profits:2",
   "bank": "section_practice",
   "detail": "Assess 10 is not an Economics tariff (lib/ial-marking.js)",
   "key": "tariff|revenue-costs-profits|revenue-costs-profits:2|Assess 10"
  },
  {
   "rule": "tariff",
   "section": "revenue-costs-profits",
   "ref": "revenue-costs-profits:4",
   "bank": "section_practice",
   "detail": "Outline 4 is not an Economics tariff (lib/ial-marking.js)",
   "key": "tariff|revenue-costs-profits|revenue-costs-profits:4|Outline 4"
  },
  {
   "rule": "tariff",
   "section": "role-state-macroeconomy",
   "ref": "role-state-macroeconomy:0",
   "bank": "section_practice",
   "detail": "Define 4 is not an Economics tariff (lib/ial-marking.js)",
   "key": "tariff|role-state-macroeconomy|role-state-macroeconomy:0|Define 4"
  },
  {
   "rule": "tariff",
   "section": "role-state-macroeconomy",
   "ref": "role-state-macroeconomy:1",
   "bank": "section_practice",
   "detail": "Explain 6 is not an Economics tariff (lib/ial-marking.js)",
   "key": "tariff|role-state-macroeconomy|role-state-macroeconomy:1|Explain 6"
  },
  {
   "rule": "tariff",
   "section": "role-state-macroeconomy",
   "ref": "role-state-macroeconomy:2",
   "bank": "section_practice",
   "detail": "Assess 10 is not an Economics tariff (lib/ial-marking.js)",
   "key": "tariff|role-state-macroeconomy|role-state-macroeconomy:2|Assess 10"
  },
  {
   "rule": "tariff",
   "section": "role-state-macroeconomy",
   "ref": "role-state-macroeconomy:4",
   "bank": "section_practice",
   "detail": "Outline 4 is not an Economics tariff (lib/ial-marking.js)",
   "key": "tariff|role-state-macroeconomy|role-state-macroeconomy:4|Outline 4"
  },
  {
   "rule": "tariff",
   "section": "supply",
   "ref": "supply:0",
   "bank": "section_practice",
   "detail": "Define 4 is not an Economics tariff (lib/ial-marking.js)",
   "key": "tariff|supply|supply:0|Define 4"
  },
  {
   "rule": "tariff",
   "section": "supply",
   "ref": "supply:1",
   "bank": "section_practice",
   "detail": "Explain 6 is not an Economics tariff (lib/ial-marking.js)",
   "key": "tariff|supply|supply:1|Explain 6"
  },
  {
   "rule": "tariff",
   "section": "supply",
   "ref": "supply:2",
   "bank": "section_practice",
   "detail": "Assess 10 is not an Economics tariff (lib/ial-marking.js)",
   "key": "tariff|supply|supply:2|Assess 10"
  },
  {
   "rule": "tariff",
   "section": "supply",
   "ref": "supply:4",
   "bank": "section_practice",
   "detail": "Outline 4 is not an Economics tariff (lib/ial-marking.js)",
   "key": "tariff|supply|supply:4|Outline 4"
  },
  {
   "rule": "tariff",
   "section": "trade-global-economy",
   "ref": "trade-global-economy:0",
   "bank": "section_practice",
   "detail": "Define 4 is not an Economics tariff (lib/ial-marking.js)",
   "key": "tariff|trade-global-economy|trade-global-economy:0|Define 4"
  },
  {
   "rule": "tariff",
   "section": "trade-global-economy",
   "ref": "trade-global-economy:1",
   "bank": "section_practice",
   "detail": "Explain 6 is not an Economics tariff (lib/ial-marking.js)",
   "key": "tariff|trade-global-economy|trade-global-economy:1|Explain 6"
  },
  {
   "rule": "tariff",
   "section": "trade-global-economy",
   "ref": "trade-global-economy:2",
   "bank": "section_practice",
   "detail": "Assess 10 is not an Economics tariff (lib/ial-marking.js)",
   "key": "tariff|trade-global-economy|trade-global-economy:2|Assess 10"
  },
  {
   "rule": "tariff",
   "section": "trade-global-economy",
   "ref": "trade-global-economy:4",
   "bank": "section_practice",
   "detail": "Outline 4 is not an Economics tariff (lib/ial-marking.js)",
   "key": "tariff|trade-global-economy|trade-global-economy:4|Outline 4"
  },
  {
   "rule": "tariff",
   "section": "types-sizes-businesses",
   "ref": "types-sizes-businesses:0",
   "bank": "section_practice",
   "detail": "Define 4 is not an Economics tariff (lib/ial-marking.js)",
   "key": "tariff|types-sizes-businesses|types-sizes-businesses:0|Define 4"
  },
  {
   "rule": "tariff",
   "section": "types-sizes-businesses",
   "ref": "types-sizes-businesses:1",
   "bank": "section_practice",
   "detail": "Explain 6 is not an Economics tariff (lib/ial-marking.js)",
   "key": "tariff|types-sizes-businesses|types-sizes-businesses:1|Explain 6"
  },
  {
   "rule": "tariff",
   "section": "types-sizes-businesses",
   "ref": "types-sizes-businesses:2",
   "bank": "section_practice",
   "detail": "Assess 10 is not an Economics tariff (lib/ial-marking.js)",
   "key": "tariff|types-sizes-businesses|types-sizes-businesses:2|Assess 10"
  },
  {
   "rule": "tariff",
   "section": "types-sizes-businesses",
   "ref": "types-sizes-businesses:4",
   "bank": "section_practice",
   "detail": "Outline 4 is not an Economics tariff (lib/ial-marking.js)",
   "key": "tariff|types-sizes-businesses|types-sizes-businesses:4|Outline 4"
  }
 ]
}
