
spec-coverage — leaves examined, against 1,165 `kind: 'leaf'` rows in audit/raw/spec-items.json
  bank 1  data/modelAnswersData.js + modelAnswersExpansion.js
  bank 2  section_practice, read from audit/content-sections/ (the t=0 dump of the published tables — a lower bound, not live; --staged for the rebuilds)
  note    section_practice has no `spec_items` column: scripts/packet-12-1-spec-items.sql is written and NOT run.
          Tags for bank 2 come from audit/runs/packet-12.1/section_practice-tags.json.

section                               subj   qs  untag  examined  leaves       %
--------------------------------------------------------------------------------
market-failure                        econ    8      3         7      35   20.0%

per unit
  economics unit 1           7 /    35 leaves    20.0%  (8 questions)

command words in market-failure: Evaluate 20 ×2 · Define 4 ×1 · Explain 6 ×1 · Analyse 10 ×1 · Outline 4 ×1 · Explain 4 ×1 · Examine 8 ×1

unexamined leaves in 1.3.5 (28 of 35):
  ECON-1.3.5-1b-1     externalities
  ECON-1.3.5-1b-4     moral hazard
  ECON-1.3.5-1b-5     speculation and market bubbles.
  ECON-1.3.5-2a       The distinction between private benefits, external benefits and social benefits.
  ECON-1.3.5-2b       The distinction between private costs, external costs and social costs.
  ECON-1.3.5-2c-1     external benefits of production
  ECON-1.3.5-2c-2     external benefits of consumption
  ECON-1.3.5-2c-4     external costs of consumption.
  ECON-1.3.5-2d-1     the external benefits from consumption
  ECON-1.3.5-2d-3     the distinction between the market and social optimum positions; identification of the welfare loss or gain areas.
  ECON-1.3.5-2e-1     transport
  ECON-1.3.5-2e-2     health
  ECON-1.3.5-2e-3     education
  ECON-1.3.5-2e-4     environment
  ECON-1.3.5-2e-5     financial.
  ECON-1.3.5-3a-1     private goods: rival and excludable
  ECON-1.3.5-4a       The distinction between symmetric and asymmetric information.
  ECON-1.3.5-4b       The significance of information gaps.
  ECON-1.3.5-4c-1     healthcare
  ECON-1.3.5-4c-2     education
  ECON-1.3.5-4c-3     pensions
  ECON-1.3.5-4c-4     insurance.
  ECON-1.3.5-5a       How moral hazard can occur.
  ECON-1.3.5-5b-1     insurance
  ECON-1.3.5-5b-2     banking.
  ECON-1.3.5-6a       How market bubbles may arise.
  ECON-1.3.5-6b-1     housing
  ECON-1.3.5-6b-2     stocks and shares.

8 questions across 1 section; 3 carry no specItems yet.
7 of 1,165 spec leaves are examined by at least one question — 0.6%.

4 failure(s): tariff ×4
  tariff  market-failure                    market-failure:0      Define 4 is not an Economics tariff (lib/ial-marking.js)
  tariff  market-failure                    market-failure:1      Explain 6 is not an Economics tariff (lib/ial-marking.js)
  tariff  market-failure                    market-failure:2      Analyse 10 is not an Economics tariff (lib/ial-marking.js)
  tariff  market-failure                    market-failure:4      Outline 4 is not an Economics tariff (lib/ial-marking.js)

