
> economics-next@0.1.0 build
> next build

▲ Next.js 16.2.0 (Turbopack)
- Environments: .env.local

⚠ The "middleware" file convention is deprecated. Please use "proxy" instead. Learn more: https://nextjs.org/docs/messages/middleware-to-proxy
  Creating an optimized production build ...
✓ Compiled successfully in 4.9s
  Running TypeScript ...
  Finished TypeScript in 119ms ...
  Collecting page data using 7 workers ...
  Generating static pages using 7 workers (0/158) ...
  Generating static pages using 7 workers (39/158) 
  Generating static pages using 7 workers (78/158) 
  Generating static pages using 7 workers (118/158) 
✓ Generating static pages using 7 workers (158/158) in 1827ms
  Finalizing page optimization ...

Route (app)
┌ ƒ /
├ ƒ /_not-found
├ ƒ /admin
├ ƒ /admin/command-words
├ ƒ /admin/diagrams
├ ƒ /admin/glossary
├ ƒ /admin/past-papers
├ ƒ /admin/pdfs
├ ƒ /admin/quant
├ ƒ /admin/sections
├ ƒ /admin/sections/[id]
├ ƒ /admin/widgets
├ ƒ /api/admin/command-words
├ ƒ /api/admin/diagrams
├ ƒ /api/admin/glossary
├ ƒ /api/admin/past-papers
├ ƒ /api/admin/pdfs
├ ƒ /api/admin/sections/[id]/[type]
├ ƒ /api/chat
├ ƒ /api/events
├ ƒ /api/flashcards-practice/cards
├ ƒ /api/flashcards-practice/progress
├ ƒ /api/flashcards-practice/progress-summary
├ ƒ /api/fun/progress
├ ƒ /api/fun/questions
├ ƒ /api/glossary
├ ƒ /api/learn-mode/grade-explanation
├ ƒ /api/learn-mode/state
├ ƒ /api/past-papers
├ ƒ /api/pdfs
├ ƒ /api/practice/progress
├ ƒ /api/practice/progress-summary
├ ƒ /api/practice/questions
├ ƒ /api/progress/content
├ ƒ /api/progress/dashboard
├ ƒ /api/progress/flashcards
├ ƒ /api/progress/quiz
├ ƒ /api/sections/[id]
├ ƒ /api/stripe/cancel-offer
├ ƒ /api/stripe/checkout
├ ƒ /api/stripe/portal
├ ƒ /api/stripe/webhook
├ ƒ /api/subscription
├ ƒ /api/written-practice/ao-profile
├ ƒ /api/written-practice/evaluate
├ ƒ /api/written-practice/progress
├ ƒ /api/written-practice/progress-summary
├ ƒ /api/written-practice/questions
├ ƒ /auth/callback
├ ƒ /business
├ ƒ /business/[unit]/[topic]
├ ƒ /business/entrepreneurs-leaders-model-answers
├ ƒ /business/external-influences-model-answers
├ ƒ /business/financial-planning-model-answers
├ ƒ /business/managing-finance-model-answers
├ ƒ /business/managing-people-model-answers
├ ƒ /business/marketing-mix-model-answers
├ ƒ /business/meeting-customer-needs-model-answers
├ ƒ /business/raising-finance-model-answers
├ ƒ /business/resource-management-model-answers
├ ƒ /business/the-market-model-answers
├ ƒ /business/unit-1
├ ƒ /business/unit-2
├ ƒ /business/unit-3
├ ƒ /business/unit-4
├ ƒ /command-words
├ ƒ /contact
├ ƒ /data-response
├ ƒ /data-response/[slug]
├ ƒ /dev/widgets
├ ƒ /economics
├ ƒ /economics/[unit]/[topic]
├ ƒ /economics/aggregate-demand
├ ƒ /economics/aggregate-demand-model-answers
├ ƒ /economics/aggregate-supply-model-answers
├ ƒ /economics/demand-model-answers
├ ƒ /economics/economic-growth-model-answers
├ ƒ /economics/economic-performance-model-answers
├ ƒ /economics/globalisation
├ ƒ /economics/government-intervention-model-answers
├ ƒ /economics/introductory-concepts-model-answers
├ ƒ /economics/macroeconomic-objectives
├ ƒ /economics/macroeconomic-policies-model-answers
├ ƒ /economics/market-failure
├ ƒ /economics/market-failure-model-answers
├ ƒ /economics/national-income-model-answers
├ ƒ /economics/price-determination-model-answers
├ ƒ /economics/supply-model-answers
├ ƒ /economics/unit-1
├ ƒ /economics/unit-2
├ ƒ /economics/unit-3
├ ƒ /economics/unit-4
├ ƒ /flashcards-practice
├ ƒ /fun
├ ƒ /glossary
├ ƒ /guides
├ ƒ /guides/[slug]
├ ƒ /ial-revision
├ ƒ /ial-revision/exam-series
├ ƒ /ial-revision/january-2027
├ ƒ /ial-revision/june-2026
├ ƒ /lab/exam-practice/[section]
├ ƒ /login
├ ƒ /model-answers
├ ƒ /past-papers
├ ƒ /pdfs
├ ƒ /practice
├ ƒ /progress
├ ƒ /settings
├ ƒ /signup
├ ○ /sitemap.xml
├ ƒ /topic-links
├ ƒ /upgrade
└ ƒ /written-practice


ƒ Proxy (Middleware)

○  (Static)   prerendered as static content
ƒ  (Dynamic)  server-rendered on demand

BUILD_EXIT=0
