▲ Next.js 16.2.0 (Turbopack)
- Local:         http://localhost:3001
- Network:       http://192.168.10.19:3001
- Environments: .env.local
✓ Ready in 273ms
⚠ The "middleware" file convention is deprecated. Please use "proxy" instead. Learn more: https://nextjs.org/docs/messages/middleware-to-proxy

 GET /lab/exam-practice/measures-economic-performance 200 in 1642ms (next.js: 663ms, proxy.ts: 1976µs, application-code: 977ms)
 GET /economics/unit-2/macroeconomic-objectives-policies?draft=1 200 in 2.3s (next.js: 1740ms, proxy.ts: 4ms, generate-params: 1278ms, application-code: 581ms)
 GET /api/glossary?subject_id=1 200 in 265ms (next.js: 54ms, proxy.ts: 5ms, application-code: 206ms)
 GET /economics/unit-2/national-income 200 in 318ms (next.js: 4ms, proxy.ts: 3ms, generate-params: 1598µs, application-code: 312ms)
 GET /api/sections/macroeconomic-objectives-policies?draft=1 200 in 904ms (next.js: 512ms, proxy.ts: 5ms, application-code: 386ms)
 GET /economics/unit-2/national-income?draft=1 200 in 525ms (next.js: 10ms, proxy.ts: 4ms, generate-params: 24µs, application-code: 511ms)
 GET /api/sections/national-income 200 in 147ms (next.js: 7ms, proxy.ts: 4ms, application-code: 136ms)
 GET /api/glossary?subject_id=1 200 in 200ms (next.js: 5ms, proxy.ts: 5ms, application-code: 190ms)
 GET /api/glossary?subject_id=1 200 in 191ms (next.js: 3ms, proxy.ts: 3ms, application-code: 186ms)
 GET /api/sections/national-income?draft=1 200 in 265ms (next.js: 6ms, proxy.ts: 3ms, application-code: 256ms)
 GET /api/learn-mode/state?sections=macroeconomic-objectives-policies 200 in 60ms (next.js: 50ms, proxy.ts: 3ms, application-code: 7ms)
 GET /api/learn-mode/state?sections=macroeconomic-objectives-policies 200 in 7ms (next.js: 1754µs, proxy.ts: 1654µs, application-code: 3ms)
 POST /api/events 204 in 220ms (next.js: 29ms, proxy.ts: 6ms, application-code: 185ms)
 POST /api/events 204 in 242ms (next.js: 22ms, proxy.ts: 8ms, application-code: 213ms)
 GET /lab/exam-practice/market-failure 200 in 165ms (next.js: 7ms, proxy.ts: 3ms, application-code: 156ms)
 GET /business/1/managing-people 200 in 1175ms (next.js: 625ms, proxy.ts: 2ms, generate-params: 583ms, application-code: 548ms)
 GET /economics/1/the-market 200 in 341ms (next.js: 5ms, proxy.ts: 1764µs, generate-params: 1483µs, application-code: 334ms)
 GET /api/sections/macroeconomic-objectives-policies?draft=1 200 in 317ms (next.js: 7ms, proxy.ts: 4ms, application-code: 306ms)
 GET /api/sections/macroeconomic-objectives-policies?draft=1 200 in 271ms (next.js: 2ms, proxy.ts: 1919µs, application-code: 267ms)
 GET /api/sections/balance-payments-exchange-rates?draft=1 200 in 314ms (next.js: 8ms, proxy.ts: 5ms, application-code: 301ms)
 GET /api/sections/balance-payments-exchange-rates?draft=1 200 in 377ms (next.js: 5ms, proxy.ts: 1522µs, application-code: 370ms)
 GET /api/sections/balance-payments-exchange-rates?draft=1 200 in 343ms (next.js: 5ms, proxy.ts: 3ms, application-code: 335ms)
 GET /api/sections/balance-payments-exchange-rates?draft=1 200 in 303ms (next.js: 5ms, proxy.ts: 1780µs, application-code: 296ms)
 GET /api/sections/balance-payments-exchange-rates?draft=1 200 in 320ms (next.js: 11ms, proxy.ts: 6ms, application-code: 303ms)
 GET /api/sections/balance-payments-exchange-rates?draft=1 200 in 302ms (next.js: 5ms, proxy.ts: 1694µs, application-code: 295ms)
 GET /api/sections/balance-payments-exchange-rates?draft=1 200 in 285ms (next.js: 3ms, proxy.ts: 2ms, application-code: 280ms)
 GET /api/sections/balance-payments-exchange-rates?draft=1 200 in 240ms (next.js: 4ms, proxy.ts: 1518µs, application-code: 235ms)
 GET / 200 in 1446ms (next.js: 58ms, proxy.ts: 1844µs, application-code: 1386ms)
 GET /lab/exam-practice/market-failure 200 in 90ms (next.js: 10ms, proxy.ts: 3ms, application-code: 76ms)
 GET /lab/exam-practice/measures-economic-performance 200 in 67ms (next.js: 3ms, proxy.ts: 1536µs, application-code: 62ms)
 GET /lab/exam-practice/aggregate-demand 200 in 66ms (next.js: 4ms, proxy.ts: 1508µs, application-code: 61ms)
 GET /lab/exam-practice/aggregate-supply 200 in 73ms (next.js: 3ms, proxy.ts: 1344µs, application-code: 69ms)
 GET /lab/exam-practice/assessing-competitiveness 200 in 49ms (next.js: 3ms, proxy.ts: 1934µs, application-code: 44ms)
 GET /lab/exam-practice/balance-payments-exchange-rates 200 in 58ms (next.js: 3ms, proxy.ts: 1314µs, application-code: 53ms)
 GET /lab/exam-practice/business-growth 200 in 40ms (next.js: 4ms, proxy.ts: 1385µs, application-code: 35ms)
 GET /lab/exam-practice/business-objectives-strategy 200 in 44ms (next.js: 3ms, proxy.ts: 1440µs, application-code: 39ms)
 GET /lab/exam-practice/causes-effects-globalisation 200 in 55ms (next.js: 3ms, proxy.ts: 1519µs, application-code: 51ms)
 GET /lab/exam-practice/consumer-behaviour-demand 200 in 62ms (next.js: 4ms, proxy.ts: 1600µs, application-code: 57ms)
 GET /lab/exam-practice/decision-making-techniques 200 in 41ms (next.js: 3ms, proxy.ts: 1370µs, application-code: 36ms)
 GET /lab/exam-practice/economic-growth 200 in 76ms (next.js: 3ms, proxy.ts: 1563µs, application-code: 72ms)
 GET /lab/exam-practice/entrepreneurs-leaders 200 in 55ms (next.js: 2ms, proxy.ts: 1712µs, application-code: 51ms)
 GET /lab/exam-practice/external-influences 200 in 60ms (next.js: 1838µs, proxy.ts: 1448µs, application-code: 56ms)
 GET /lab/exam-practice/financial-planning 200 in 50ms (next.js: 4ms, proxy.ts: 1333µs, application-code: 45ms)
 GET /lab/exam-practice/global-industries-mncs 200 in 41ms (next.js: 3ms, proxy.ts: 1532µs, application-code: 37ms)
 GET /lab/exam-practice/global-marketing 200 in 42ms (next.js: 3ms, proxy.ts: 1634µs, application-code: 37ms)
 GET /lab/exam-practice/global-markets-expansion 200 in 38ms (next.js: 2ms, proxy.ts: 1589µs, application-code: 34ms)
 GET /lab/exam-practice/globalisation 200 in 36ms (next.js: 2ms, proxy.ts: 1405µs, application-code: 32ms)
 GET /lab/exam-practice/government-intervention 200 in 55ms (next.js: 4ms, proxy.ts: 1623µs, application-code: 49ms)
 GET /lab/exam-practice/government-intervention-firms 200 in 49ms (next.js: 3ms, proxy.ts: 1666µs, application-code: 44ms)
 GET /lab/exam-practice/growth-development 200 in 50ms (next.js: 1969µs, proxy.ts: 1392µs, application-code: 46ms)
 GET /lab/exam-practice/influences-business-decisions 200 in 43ms (next.js: 3ms, proxy.ts: 1359µs, application-code: 39ms)
 GET /lab/exam-practice/introductory-concepts 200 in 48ms (next.js: 4ms, proxy.ts: 1548µs, application-code: 43ms)
 GET /lab/exam-practice/labour-markets 200 in 45ms (next.js: 3ms, proxy.ts: 1423µs, application-code: 41ms)
 GET /lab/exam-practice/macroeconomic-objectives-policies 200 in 51ms (next.js: 2ms, proxy.ts: 1545µs, application-code: 47ms)
 GET /lab/exam-practice/managing-change 200 in 43ms (next.js: 3ms, proxy.ts: 2ms, application-code: 38ms)
 GET /lab/exam-practice/managing-finance 200 in 55ms (next.js: 4ms, proxy.ts: 1547µs, application-code: 49ms)
 GET /lab/exam-practice/managing-people 200 in 62ms (next.js: 4ms, proxy.ts: 1538µs, application-code: 57ms)
 GET /lab/exam-practice/market-failure 200 in 68ms (next.js: 3ms, proxy.ts: 1521µs, application-code: 64ms)
 GET /lab/exam-practice/market-structures-contestability 200 in 47ms (next.js: 2ms, proxy.ts: 1439µs, application-code: 43ms)
 GET /lab/exam-practice/marketing-mix-strategy 200 in 52ms (next.js: 4ms, proxy.ts: 1326µs, application-code: 46ms)
 GET /lab/exam-practice/measures-economic-performance 200 in 66ms (next.js: 3ms, proxy.ts: 1524µs, application-code: 62ms)
 GET /lab/exam-practice/meeting-customer-needs 200 in 53ms (next.js: 3ms, proxy.ts: 1373µs, application-code: 49ms)
 GET /lab/exam-practice/national-income 200 in 45ms (next.js: 3ms, proxy.ts: 1919µs, application-code: 41ms)
 GET /lab/exam-practice/planning-raising-finance 200 in 46ms (next.js: 3ms, proxy.ts: 1391µs, application-code: 41ms)
 GET /lab/exam-practice/poverty-inequality 200 in 55ms (next.js: 3ms, proxy.ts: 1576µs, application-code: 51ms)
 GET /lab/exam-practice/price-determination 200 in 51ms (next.js: 3ms, proxy.ts: 1362µs, application-code: 47ms)
 GET /lab/exam-practice/resource-management 200 in 55ms (next.js: 8ms, proxy.ts: 2ms, application-code: 44ms)
 GET /lab/exam-practice/revenue-costs-profits 200 in 51ms (next.js: 3ms, proxy.ts: 1458µs, application-code: 47ms)
 GET /lab/exam-practice/role-state-macroeconomy 200 in 50ms (next.js: 2ms, proxy.ts: 1542µs, application-code: 46ms)
 GET /lab/exam-practice/supply 200 in 46ms (next.js: 2ms, proxy.ts: 1391µs, application-code: 42ms)
 GET /lab/exam-practice/the-market 200 in 39ms (next.js: 2ms, proxy.ts: 1883µs, application-code: 34ms)
 GET /lab/exam-practice/trade-global-economy 200 in 52ms (next.js: 4ms, proxy.ts: 1511µs, application-code: 46ms)
 GET /lab/exam-practice/types-sizes-businesses 200 in 60ms (next.js: 3ms, proxy.ts: 1684µs, application-code: 56ms)
 GET /lab/exam-practice/nonexistent-section 404 in 68ms (next.js: 9ms, proxy.ts: 3ms, application-code: 56ms)
 GET /lab/exam-practice/..%2F..%2Fetc 404 in 41ms (next.js: 3ms, proxy.ts: 1440µs, application-code: 37ms)
 GET /lab/exam-practice/Market-Failure 404 in 39ms (next.js: 2ms, proxy.ts: 1374µs, application-code: 35ms)
 GET /lab/exam-practice/market-failure.json 404 in 41ms (next.js: 4ms, proxy.ts: 1344µs, application-code: 36ms)
 GET /lab/exam-practice/business-growth 200 in 40ms (next.js: 2ms, proxy.ts: 1275µs, application-code: 37ms)
 GET /sitemap.xml 200 in 279ms (next.js: 57ms, proxy.ts: 1727µs, application-code: 220ms)
 GET /api/sections/balance-payments-exchange-rates?draft=1 200 in 364ms (next.js: 4ms, proxy.ts: 1772µs, application-code: 359ms)
○ Compiling /data-response/[slug] ...
 GET /data-response/econ-u1-market-failure 200 in 3.6s (next.js: 3.5s, proxy.ts: 1644µs, generate-params: 390ms, application-code: 78ms)
 GET /lab/exam-practice/market-failure 200 in 153ms (next.js: 13ms, proxy.ts: 10ms, application-code: 130ms)
 GET /api/sections/balance-payments-exchange-rates?draft=1 200 in 327ms (next.js: 6ms, proxy.ts: 1952µs, application-code: 320ms)
 GET /api/sections/balance-payments-exchange-rates?draft=1 200 in 309ms (next.js: 5ms, proxy.ts: 2ms, application-code: 302ms)
 GET /lab/exam-practice/market-failure 200 in 77ms (next.js: 9ms, proxy.ts: 3ms, application-code: 66ms)
 GET /economics/unit-2/macroeconomic-objectives-policies?draft=1 200 in 972ms (next.js: 12ms, proxy.ts: 3ms, generate-params: 3ms, application-code: 958ms)
 GET /api/glossary?subject_id=1 200 in 290ms (next.js: 3ms, proxy.ts: 3ms, application-code: 285ms)
 GET /api/sections/macroeconomic-objectives-policies?draft=1 200 in 356ms (next.js: 7ms, proxy.ts: 3ms, application-code: 346ms)
 GET /lab/exam-practice/market-failure 200 in 68ms (next.js: 6ms, proxy.ts: 2ms, application-code: 60ms)
 GET /lab/exam-practice/market-failure 200 in 55ms (next.js: 3ms, proxy.ts: 1468µs, application-code: 51ms)
 GET /api/learn-mode/state?sections=macroeconomic-objectives-policies 200 in 17ms (next.js: 8ms, proxy.ts: 3ms, application-code: 6ms)
 GET /api/learn-mode/state?sections=macroeconomic-objectives-policies 200 in 8ms (next.js: 2ms, proxy.ts: 3ms, application-code: 3ms)
 POST /api/events 204 in 188ms (next.js: 8ms, proxy.ts: 4ms, application-code: 176ms)
 POST /api/events 204 in 183ms (next.js: 10ms, proxy.ts: 3ms, application-code: 170ms)
 GET /lab/exam-practice/market-failure 200 in 155ms (next.js: 7ms, proxy.ts: 3ms, application-code: 145ms)
 GET /lab/exam-practice/market-failure 200 in 83ms (next.js: 7ms, proxy.ts: 3ms, application-code: 73ms)
 GET /lab/exam-practice/market-failure 200 in 111ms (next.js: 10ms, proxy.ts: 5ms, application-code: 97ms)
 GET /lab/exam-practice/market-failure 200 in 78ms (next.js: 6ms, proxy.ts: 2ms, application-code: 70ms)
 GET /lab/exam-practice/measures-economic-performance 200 in 61ms (next.js: 4ms, proxy.ts: 1468µs, application-code: 56ms)
 GET /lab/exam-practice/business-growth 200 in 39ms (next.js: 2ms, proxy.ts: 1424µs, application-code: 36ms)
 GET /lab/exam-practice/market-failure 200 in 118ms (next.js: 10ms, proxy.ts: 5ms, application-code: 103ms)
 GET /lab/exam-practice/measures-economic-performance 200 in 118ms (next.js: 4ms, proxy.ts: 1757µs, application-code: 113ms)
 GET /lab/exam-practice/business-growth 200 in 65ms (next.js: 8ms, proxy.ts: 3ms, application-code: 54ms)
 GET /data-response/econ-u1-market-failure 200 in 73ms (next.js: 7ms, proxy.ts: 1349µs, generate-params: 1220µs, application-code: 64ms)
 GET /sitemap.xml 200 in 162ms (next.js: 1885µs, proxy.ts: 1348µs, application-code: 159ms)
 GET /lab/exam-practice/measures-economic-performance 200 in 81ms (next.js: 5ms, proxy.ts: 1613µs, application-code: 74ms)
 GET /lab/exam-practice/market-failure 200 in 102ms (next.js: 8ms, proxy.ts: 3ms, application-code: 91ms)
 GET /api/sections/macroeconomic-objectives-policies?draft=1 200 in 309ms (next.js: 7ms, proxy.ts: 3ms, application-code: 299ms)
 GET /api/sections/trade-global-economy?draft=1 200 in 258ms (next.js: 4ms, proxy.ts: 2ms, application-code: 251ms)
 GET /api/sections/trade-global-economy?draft=1 200 in 358ms (next.js: 4ms, proxy.ts: 1873µs, application-code: 352ms)
 GET /api/sections/trade-global-economy?draft=1 200 in 240ms (next.js: 4ms, proxy.ts: 1899µs, application-code: 234ms)
 GET /economics/unit-4/trade-global-economy?draft=1 200 in 376ms (next.js: 9ms, proxy.ts: 3ms, generate-params: 1920µs, application-code: 365ms)
 GET /api/glossary?subject_id=1 200 in 212ms (next.js: 4ms, proxy.ts: 2ms, application-code: 206ms)
 GET /api/sections/trade-global-economy?draft=1 200 in 220ms (next.js: 9ms, proxy.ts: 2ms, application-code: 208ms)
 GET /economics/unit-4/trade-global-economy?draft=1 200 in 296ms (next.js: 4ms, proxy.ts: 1443µs, generate-params: 1124µs, application-code: 291ms)
 GET /api/sections/trade-global-economy?draft=1 200 in 234ms (next.js: 6ms, proxy.ts: 2ms, application-code: 225ms)
 GET /api/glossary?subject_id=1 200 in 262ms (next.js: 1957µs, proxy.ts: 2ms, application-code: 258ms)
 GET /api/learn-mode/state?sections=trade-global-economy 200 in 12ms (next.js: 5ms, proxy.ts: 3ms, application-code: 3ms)
 GET /api/learn-mode/state?sections=trade-global-economy 200 in 21ms (next.js: 11ms, proxy.ts: 3ms, application-code: 6ms)
 POST /api/events 204 in 181ms (next.js: 10ms, proxy.ts: 5ms, application-code: 166ms)
 POST /api/events 204 in 176ms (next.js: 12ms, proxy.ts: 6ms, application-code: 157ms)
 POST /api/events 204 in 351ms (next.js: 13ms, proxy.ts: 4ms, application-code: 334ms)
 POST /api/events 204 in 137ms (next.js: 4ms, proxy.ts: 4ms, application-code: 129ms)
 POST /api/learn-mode/state 401 in 16ms (next.js: 4ms, proxy.ts: 4ms, application-code: 8ms)
 POST /api/events 204 in 327ms (next.js: 1780µs, proxy.ts: 2ms, application-code: 323ms)
 POST /api/events 204 in 348ms (next.js: 6ms, proxy.ts: 5ms, application-code: 337ms)
 POST /api/events 204 in 223ms (next.js: 2ms, proxy.ts: 3ms, application-code: 217ms)
 POST /api/events 204 in 189ms (next.js: 1441µs, proxy.ts: 1904µs, application-code: 186ms)
 POST /api/events 204 in 235ms (next.js: 3ms, proxy.ts: 2ms, application-code: 229ms)
 POST /api/events 204 in 211ms (next.js: 1046µs, proxy.ts: 1594µs, application-code: 209ms)
 POST /api/events 204 in 227ms (next.js: 1109µs, proxy.ts: 2ms, application-code: 224ms)
 POST /api/events 204 in 220ms (next.js: 4ms, proxy.ts: 2ms, application-code: 215ms)
 POST /api/events 204 in 113ms (next.js: 3ms, proxy.ts: 1742µs, application-code: 108ms)
 POST /api/events 204 in 141ms (next.js: 1876µs, proxy.ts: 2ms, application-code: 137ms)
 POST /api/events 204 in 107ms (next.js: 1825µs, proxy.ts: 3ms, application-code: 102ms)
 POST /api/events 204 in 112ms (next.js: 1185µs, proxy.ts: 1706µs, application-code: 109ms)
