
=== audit/snapshots/packet-47-bundle__business__global-markets-expansion.json
ok   block 1 "Conditions That Prompt Trade" quiz[3] key "from $30 to $20" · diagram "Why Firms Sell and Produce Abroad" · 25 surfaces
       stem: Fixed costs are $2m a year and variable cost is $10 a unit. Raising output from 100,000 to 200,000 units changes average cost:
ok   block 1 "Conditions That Prompt Trade" quiz[4] key "rivals at home squeeze a firm's share and margins" · diagram "Why Firms Sell and Produce Abroad" · 25 surfaces
       stem: Competition acts as a push factor because:
ok   block 1 "Conditions That Prompt Trade" quiz[5] key "6%" · diagram "Why Firms Sell and Produce Abroad" · 25 surfaces
       stem: A firm makes 60% of its sales at home and 40% abroad. Home sales fall 10% and exports do not change. Total sales fall by:
ok   block 1 "Conditions That Prompt Trade" quiz[6] key "off-shoring without outsourcing" · diagram "Why Firms Sell and Produce Abroad" · 25 surfaces
       stem: A mobile phone maker builds and runs its own factory in another country. This is:
ok   block 1 "Conditions That Prompt Trade" quiz[7] key "declining at home but new to the foreign market" · diagram "Why Firms Sell and Produce Abroad" · 25 surfaces
       stem: Selling a product abroad extends its life cycle when the product is:
ok   block 1 "Conditions That Prompt Trade" quiz[8] key "$3 a unit" · diagram "Why Firms Sell and Produce Abroad" · 25 surfaces
       stem: Assembly labour is $9 a unit at home and $4 abroad, but shipping each unit back costs $2. Off-shoring saves:
ok   block 2 "Assessing a Country as a Market" quiz[9] key "$6,050" · diagram "Assessing Belmar as a Market" · 32 surfaces
       stem: Household disposable income is $5,000 and grows 10% a year. After two years it is:
ok   block 2 "Assessing a Country as a Market" quiz[10] key "Registering a company takes nine permits" · diagram "Assessing Belmar as a Market" · 32 surfaces
       stem: Which of these is evidence about a country's ease of doing business?
ok   block 2 "Assessing a Country as a Market" quiz[11] key "strong buyer power, holding prices down" · diagram "Assessing Belmar as a Market" · 32 surfaces
       stem: Three retail chains sell 80% of all appliances in a country. Applying Porter's five forces, this signals:
ok   block 2 "Assessing a Country as a Market" quiz[12] key "more households will soon afford the product" · diagram "Assessing Belmar as a Market" · 32 surfaces
       stem: A firm may prefer a poorer country with fast-growing incomes to a richer one with flat incomes because:
ok   block 2 "Assessing a Country as a Market" quiz[13] key "the rules may change before it earns a return" · diagram "Assessing Belmar as a Market" · 32 surfaces
       stem: Political instability matters to a firm entering a market mainly because:
ok   block 3 "Assessing a Country as a Production Location" quiz[14] key "$16" · diagram "Delivered Cost at Two Sites" · 16 surfaces
       stem: At one site labour is $4 and other costs $8 a unit, a 25% tariff applies to those two, and freight is $1. The delivered cost per unit is:
ok   block 3 "Assessing a Country as a Production Location" quiz[15] key "its output avoids the bloc's external tariff" · diagram "Delivered Cost at Two Sites" · 16 surfaces
       stem: Producing inside a trade bloc matters to a firm because:
ok   block 3 "Assessing a Country as a Production Location" quiz[16] key "15%" · diagram "Delivered Cost at Two Sites" · 16 surfaces
       stem: A factory costing $12m is expected to earn $1.8m a year. Its return on investment is:
ok   block 3 "Assessing a Country as a Production Location" quiz[17] key "16% to 20%" · diagram "Delivered Cost at Two Sites" · 16 surfaces
       stem: A $3m grant is offered towards a $15m factory expected to earn $2.4m a year. The return on the firm's own money moves from:
ok   block 3 "Assessing a Country as a Production Location" quiz[18] key "natural resources near the site" · diagram "Delivered Cost at Two Sites" · 16 surfaces
       stem: For a furniture maker that uses large amounts of timber, the location factor likely to matter most is:
ok   block 4 "Global Mergers, Takeovers and Joint Ventures" quiz[19] key "a government or legal requirement" · diagram "Mergers, Takeovers and Joint Ventures" · 20 surfaces
       stem: A country lets foreign firms own at most 49% of any bank. For a foreign bank entering it, the reason for a joint venture is:
ok   block 4 "Global Mergers, Takeovers and Joint Ventures" quiz[20] key "share decisions and profit with its partner" · diagram "Mergers, Takeovers and Joint Ventures" · 20 surfaces
       stem: Compared with taking over a foreign firm outright, forming a joint venture with it means the firm must:
ok   block 4 "Global Mergers, Takeovers and Joint Ventures" quiz[21] key "a hostile takeover" · diagram "Mergers, Takeovers and Joint Ventures" · 20 surfaces
       stem: A firm buys 60% of a rival's shares although the rival's board opposed the bid. This is:
ok   block 4 "Global Mergers, Takeovers and Joint Ventures" quiz[22] key "access to a distribution network" · diagram "Mergers, Takeovers and Joint Ventures" · 20 surfaces
       stem: Buying a wholesaler that already supplies 5,000 shops mainly gives the buyer:
ok   block 4 "Global Mergers, Takeovers and Joint Ventures" quiz[23] key "Sharing the cost and risk of a large project" · diagram "Mergers, Takeovers and Joint Ventures" · 20 surfaces
       stem: Which reason for a cross-border deal fits a joint venture better than a takeover?
ok   block 4 "Global Mergers, Takeovers and Joint Ventures" quiz[24] key "sell inside the bloc free of its external tariff" · diagram "Mergers, Takeovers and Joint Ventures" · 20 surfaces
       stem: A firm based outside a trade bloc buys a manufacturer inside it. The main reason is to:
ok   block 5 "Global Expansion and Uncertainty" quiz[25] key "100 units" · diagram "One Appreciation, Two Effects" · 21 surfaces
       stem: The home currency rises from $1 = 2 units to $1 = 2.5 units. A $40 export held at its dollar price now costs buyers abroad:
ok   block 5 "Global Expansion and Uncertainty" quiz[26] key "falls from $40 to $30" · diagram "One Appreciation, Two Effects" · 21 surfaces
       stem: A firm imports a part priced at 120 units. The rate moves from $1 = 3 units to $1 = 4 units. The part's dollar cost:
ok   block 5 "Global Expansion and Uncertainty" quiz[27] key "imports most of its inputs and sells at home" · diagram "One Appreciation, Two Effects" · 21 surfaces
       stem: A rise in the value of the home currency is most likely to help a firm that:
ok   block 5 "Global Expansion and Uncertainty" quiz[28] key "quality, design, reliability and service" · diagram "One Appreciation, Two Effects" · 21 surfaces
       stem: Non-price competitiveness means winning sales through:
ok   block 5 "Global Expansion and Uncertainty" quiz[29] key "raising wage costs and delaying new products" · diagram "One Appreciation, Two Effects" · 21 surfaces
       stem: A shortage of skilled engineers is most likely to weaken a firm's international competitiveness by:

0 HARD match(es)
