data	0/6	aggregate-demand	id,fix,why,title,looks_like
data	0/7	aggregate-supply	id,why,title,instead,looks_like
data	5/5	assessing-competitiveness	id,title,examTip,mistake,correction
data	0/8	balance-payments-exchange-rates	id,fix,why,quote,title
data	5/5	business-growth	id,title,examTip,mistake,correction
data	0/6	business-objectives-strategy	id,why,title,instead,looks_like
data	0/7	causes-effects-globalisation	id,why,title,instead,looks_like
data	8/8	consumer-behaviour-demand	id,title,examTip,mistake,correction
data	6/6	decision-making-techniques	id,title,examTip,mistake,correction
data	0/8	economic-growth	id,why,title,instead,looks_like
data	0/8	entrepreneurs-leaders	id,why,title,instead,looks_like
data	9/9	external-influences	id,title,examTip,mistake,correction
data	0/8	financial-planning	id,why,title,instead,looks_like
data	6/6	global-industries-mncs	id,title,examTip,mistake,correction
data	5/5	global-marketing	id,title,examTip,mistake,correction
data	5/5	global-markets-expansion	id,title,examTip,mistake,correction
data	0/8	globalisation	id,why,title,instead,looks_like
data	0/6	government-intervention	id,why,title,instead,looks_like
data	3/3	government-intervention-firms	id,title,examTip,mistake,correction
data	0/7	growth-development	id,why,title,instead,looks_like
data	5/5	influences-business-decisions	id,title,examTip,mistake,correction
data	4/4	introductory-concepts	id,title,examTip,mistake,correction
data	0/7	labour-markets	id,why,title,instead,looks_like
data	0/8	macroeconomic-objectives-policies	id,why,title,instead,looks_like
data	5/5	managing-change	id,title,examTip,mistake,correction
data	0/7	managing-finance	id,why,title,instead,looks_like
data	0/8	managing-people	id,why,title,instead,looks_like
data	0/5	market-failure	id,why,title,instead,looks_like
data	0/9	market-structures-contestability	id,why,title,instead,looks_like
data	8/8	marketing-mix-strategy	id,title,examTip,mistake,correction
data	10/10	measures-economic-performance	id,title,examTip,mistake,correction
data	8/8	meeting-customer-needs	id,title,examTip,mistake,correction
data	0/7	national-income	id,why,title,instead,looks_like
data	0/8	planning-raising-finance	id,fix,why,error,title
data	3/3	poverty-inequality	id,title,examTip,mistake,correction
data	0/5	price-determination	id,why,title,instead,looks_like
data	0/8	resource-management	id,fix,why,quote,title
data	0/6	revenue-costs-profits	id,why,title,instead,looks_like
data	4/4	role-state-macroeconomy	id,title,examTip,mistake,correction
data	3/3	supply	id,title,examTip,mistake,correction
data	8/8	the-market	id,title,examTip,mistake,correction
data	10/10	trade-global-economy	id,title,examTip,mistake,correction
data	7/7	types-sizes-businesses	id,title,examTip,mistake,correction
draft	7/7	global-markets-expansion	id,title,examTip,mistake,correction

LIVE (data) sections with unreadable mistakes: 22 of 43; items: 157
