
global-markets-expansion — packet 47
  before: 9 BLOCK / 38 DEBT / 2 INFO (0 recoverable)
  after:  2 BLOCK / 5 DEBT / 4 INFO (2 recoverable)
  new:    2 BLOCK / 3 DEBT · carried 2 (spec.uncovered, quant.unit) · would clear 35 baselined findings on publish
  5 blocks · 17 subsections · 30 quiz (3 unpinned, keys 8/8/7/7) · 7 practice · 29 flashcards · 7 mistakes · 5 diagrams (7 views) · 4 chains · 3 evaluation
  recalls: 17 of 17 subsections — 5 classify, 5 fillin, 3 reorder, 4 match
  coverage: 32 of 33 specification leaves evidenced in the teaching text (97%)
  words:  291 285 262 290 291 294 273 292 251 268 284 262 265 265 282 248 287
  pins:   quiz [[3,4,5,6,7,8],[9,10,11,12,13],[14,15,16,17,18],[19,20,21,22,23,24],[25,26,27,28,29]] · practice [[0,1],[3],[5],[4],[2,6]]
  NEW BLOCK quiz.long-correct global-markets-expansion:quiz:d71c9512: correct option is 67 chars, longest distractor 41
  NEW BLOCK quiz.long-correct global-markets-expansion:quiz:a88809ec: correct option is 33 chars, longest distractor 20
  NEW DEBT  reorder.lead sub:global-markets-expansion:sub:extending-the-product-life-cycle:reorder: items share a leading token: ["the"]
  NEW DEBT  reorder.lead sub:global-markets-expansion:sub:exchange-rates-and-exporters:reorder: items share a leading token: ["the"]
  NEW DEBT  quiz.explanation-option global-markets-expansion:quiz:31f05a42: explanation quotes the distractor "a joint venture" and shares no word with the correct option "a hostile takeover"

16 packet checks failed:
  - the ban "command words this paper does not set: Outline" no longer fires on: "Analyse the advantages of a joint venture. (6 marks)"
  - leaf BUS-4.3.2-5a ("The impact on businesses of movements in exchange rates."): its mapped subsections never say "impact", "businesses"
  - leaf BUS-4.3.2-5b ("Skill shortages and their impact on international competitiveness."): its mapped subsections never say "their", "impact"
  - the util lists merger reason "making use of local knowledge" and the span does not say it
  - the util lists merger reason "government or legal requirement" and the span does not say it
  - the util lists merger reason "accessing supply chains/distribution networks" and the span does not say it
  - the util lists merger reason "sharing costs/risks" and the span does not say it
  - quiz.long-correct would fire on "Producing inside a trade bloc matters to": key 67 chars against 41
  - quiz.long-correct would fire on "A country lets foreign firms own at most": key 33 chars against 20
  - an explanation names a position ("last"): "Political instability matters to a firm ente"
  - 20-mark Evaluate guidance never names knowledge (topFix-04, practice-02)
  - "Why Firms Sell and Produce Abroad": "A firm can move work abroad and still own it" is wider than its 124-unit box
  - "Assessing Belmar as a Market": "High: low tariffs" is wider than its 120-unit box
  - "Mergers, Takeovers and Joint Ventures": "Only a joint venture leaves both parents trading" is wider than its 124-unit box
  - recall.recoverable (the shared measure): 2 recall(s) answerable by scrolling up — sub:global-markets-expansion:sub:porters-five-forces-in-a-new-market:recall: 1 answer recoverable by scrolling up — pair "Many households cook rice in a pot on the stove" / "Threat of substitutes" is given in one sentence above (1.00/1.00 of 0.75) | sub:global-markets-expansion:sub:trade-bloc-incentives-and-infrastructure:recall: 1 answer recoverable by scrolling up — item "No profit tax for the first five years" is all but printed above (0.80 of 0.75)
  - spec.uncovered: BUS-4.3.2-5a "The impact on businesses of movements in exchange rates." (audit/raw/bus_spec.txt:1415-1415)
