
global-industries-mncs — packet 56
  before: 12 BLOCK / 28 DEBT / 2 INFO (0 recoverable)
  after:  2 BLOCK / 5 DEBT / 5 INFO (1 recoverable)
  new:    2 BLOCK / 4 DEBT · carried 1 (quant.unit) · would clear 35 baselined findings on publish
  4 blocks · 17 subsections · 25 quiz (3 unpinned, keys 7/6/6/6) · 7 practice · 26 flashcards · 7 mistakes · 4 diagrams (4 views) · 3 chains · 3 evaluation
  recalls: 17 of 17 subsections — 3 fillin, 8 classify, 4 match, 2 reorder
  coverage: 24 of 24 specification leaves evidenced in the teaching text (100%)
  words:  261 283 280 268 290 318 282 243 306 290 286 292 277 272 287 277 300
  pins:   quiz [[3,4,5,6],[7,8,9,10,11,12],[13,14,15,16,17,18],[19,20,21,22,23,24]] · practice [[0],[1,3,5],[2,4],[6]]
  note: "MNCs and the National Economy": a later pin's key "$3" appears on the diagram (served only on a re-pin; DEBT under the question-first rule)
  note: "Controlling MNCs": a later pin's key "political influence" appears on the diagram (served only on a re-pin; DEBT under the question-first rule)
  NEW BLOCK quiz.long-correct global-industries-mncs:quiz:5e8a732c: correct option is 27 chars, longest distractor 16
  NEW BLOCK quiz.long-correct global-industries-mncs:quiz:61eb4c0f: correct option is 25 chars, longest distractor 16
  NEW DEBT  reorder.lead sub:global-industries-mncs:sub:economic-growth-and-fdi-flows:reorder: items share a leading token: ["the"]
  NEW DEBT  reorder.lead sub:global-industries-mncs:sub:consumer-pressure-pressure-groups-social-media:reorder: items share a leading token: ["the"]
  NEW DEBT  quiz.explanation-option global-industries-mncs:quiz:5e8a732c: explanation quotes the distractor "a pressure group" and shares no word with the correct option "a multinational corporation"
  NEW DEBT  quiz.explanation-option global-industries-mncs:quiz:61eb4c0f: explanation quotes the distractor "a transfer price" and shares no word with the correct option "foreign direct investment"

9 packet checks failed:
  - the build's own vocabulary in student-facing text ×2
  - the oracle holds 30 rows / 24 leaves for 4.3.4, not 30 / 25
  - quiz.long-correct would fire on "A business that owns and controls factor": key 27 chars against 16
  - quiz.long-correct would fire on "A carmaker spends money building a plant": key 25 chars against 16
  - the bank tests "wage premium" and no subsection teaches it
  - the bank tests "transfer price" and no subsection teaches it
  - quiz item(s) pinned to "International Business Ethics" share no substantive word with the chapter: A drinks plant takes more water from a r
  - tax-revenues-and-transfer-pricing: the misconception is about exam technique, not the subject (structure-06)
  - recall.recoverable (the shared measure): 1 recall(s) answerable by scrolling up — sub:global-industries-mncs:sub:mncs-subsidiaries-and-fdi:recall: 1 answer recoverable by scrolling up — line 1 filled reads "host country.", which is printed above it verbatim
