content      byte-identical
notes        byte-identical
quiz         byte-identical
practice     CHANGED
flashcards   byte-identical
mistakes     byte-identical
diagrams     byte-identical
extras       byte-identical
practice[0].id changed
practice[0].question changed
practice[1].guidance changed
practice[1].id changed
practice[1].question changed
practice[2].id changed
practice[2].question changed
practice[3].id changed
practice[3].question changed
practice[4].id changed
practice[4].question changed
practice[5].id changed
practice[5].question changed
practice[6].id changed
practice[6].question changed
