?draft=1 blocks: ['Corporate Culture', 'Forming and Changing a Culture', 'Stakeholder Model Versus Shareholder Model', 'Business Ethics'] | diagramIds: [True, True, True, True]
  recall types: ['classify', 'classify', 'classify', 'classify', 'classify', 'fillin', 'fillin', 'fillin', 'match', 'match', 'match', 'match', 'reorder']
   Handy 1
   Mendelow 1
   Friedman 1
   Carroll 0
   short-termism 0
   3-5 years 0
   Google 0
   Patagonia 0
(live) blocks: ['Culture & Stakeholders', 'Ethics & CSR'] | diagramIds: [False, False]
  recall types: []
   Handy 5
   Mendelow 12
   Friedman 12
   Carroll 1
   short-termism 2
   3-5 years 0
   Google 1
   Patagonia 1
