
influences-business-decisions — packet 53
  before: 12 BLOCK / 20 DEBT / 2 INFO (0 recoverable)
  after:  0 BLOCK / 0 DEBT / 4 INFO (0 recoverable)
  new:    0 BLOCK / 0 DEBT · carried 0 () · would clear 28 baselined findings on publish
  4 blocks · 13 subsections · 22 quiz (3 unpinned, keys 6/6/5/5) · 7 practice · 27 flashcards · 7 mistakes · 4 diagrams (5 views) · 4 chains · 3 evaluation
  recalls: 13 of 13 subsections — 5 classify, 3 fillin, 4 match, 1 reorder
  coverage: 15 of 15 specification leaves evidenced in the teaching text (100%)
  words:  348 336 344 331 343 333 325 290 312 326 349 349 341
  pins:   quiz [[3,4,5,6],[7,8,9,10],[11,12,13,14,15],[16,17,18,19,20,21]] · practice [[2],[0,5],[3,6],[1,4]]

packet checks
  SCOPE      3.3.4 only. Short-termism, evidence-based vs subjective decisions, animal welfare, Carroll's
             pyramid and the Mendelow grid-as-structure are banned, each A/B'd both ways and each ban
             re-measured against bus_spec.txt; Handy, Mendelow, Friedman, Freeman, greenwashing and
             groupthink are asides — one mention each, teaching text only, never on an assessed surface
  NUMBERING  the oracle re-read (17 rows / 15 leaves), every leaf mapped and its own words found in its
             subsections, the four culture types matched to the bullets, four headings asserted by line,
             "3.4.<n>" asserted ABSENT, and the database's own 3.3.4 / WBS13 asserted
  ARITHMETIC closure saving and payback, the oil trade-off (10% of profit, a 1.2% price rise), both pay
             ratios, and every recall and quiz key recomputed independently
  PINS       derived from each item's block tag; four blocks of three or four subsections, each with its
             own diagram, quiz and practice; no diagramRef; 7 free quiz items against 10
  QUIZ       keys dealt from a hash, histogram measured, no length tell, no letter, no ordinal, no
             near-duplicate stems, nothing tested that no subsection teaches
  PRACTICE   Appendix 6 parsed including Assess 10/12; the set is ial-paper-structure.json's Units 3-4
             Section A (4/4/8/12/12) plus two Evaluate essays, all on one source that carries every
             figure; stems name the firm; openings clean; levels naming K/App/An/Ev above 6
  RECALLS    13 of 13, all four types, the four culture types matched, the reorder sourced
             from an extras chain, and the shared recall.recoverable measure at 0
  DIAGRAMS   4 on a 400-unit frame, palette parsed, extent, box fit and collisions checked on
             the emitted SVG with the guard A/B'd, figures counted back out of the SVG, no Mendelow
             quadrant drawn, and no chapter's pinned key printed on its own diagram

bundle written to audit/snapshots/packet-53-bundle__business__influences-business-decisions.json

staged to draft: {"ok":true,"findings":[{"tier":"INFO","rule":"diagram.table-kind","where":"influences-business-decisions:diagram:56c7cc6d","detail":"6 rows of text share the same columns — if this is a reference table it should declare kind:\"table\"; if it is a drawn diagram, ignore this","key":"influences-business-decisions|diagram.table-kind|influences-business-decisions:diagram:56c7cc6d|e00a1d25"},{"tier":"INFO","rule":"diagram.table-kind","where":"influences-business-decisions:diagram:0f4dfd47","detail":"4 rows of text share the same columns — if this is a reference table it should declare kind:\"table\"; if it is a drawn diagram, ignore this","key":"influences-business-decisions|diagram.table-kind|influences-business-decisions:diagram:0f4dfd47|86de1f75"},{"tier":"INFO","rule":"spec.coverage","where":"section","detail":"15 of 15 specification leaves evidenced in the teaching text (100%)","covered":15,"leaves":15,"key":"influences-business-decisions|spec.coverage|section|9f629e9a"},{"tier":"INFO","rule":"section.counts","where":"section","detail":"4 blocks · 13 subsections · 13 recalls (1 reorder, 3 fill-in, 4 match, 5 classify) · 22 quiz · 7 practice · 4 diagrams · 4 chains","key":"influences-business-decisions|section.counts|section|bad0bf6c"}],"summary":{"sectionId":"influences-business-decisions","subject":"business","unitCode":"WBS13","number":"3.3.4","block":0,"debt":0,"info":4},"newBlocks":[],"newDebt":[],"staged":["section_content","section_notes","section_quiz","section_practice","section_flashcards","section_diagrams","section_extras","section_common_mistakes"],"unchanged":[],"wouldStage":["section_content","section_notes","section_quiz","section_practice","section_flashcards","section_diagrams","section_extras","section_common_mistakes"]}
