=== PACKET 48 GATE LOG ===
Date: Sat Sep 26 12:40:23 EEST 2026

## npm test
EXIT CODE: 1

FAILURE: 3 test failures found (339 pass, 3 fail out of 342 total tests)

Failing tests:
1. the real market-failure panel is built on Evaluate 20 and loses AO4
2. 1.3.5 groups into the extract set first (2, 6, 20) and a standalone set (4, 8, 20)
3. every tag in the real economics bank names a leaf of its own section

Error detail (test 3):
AssertionError [ERR_ASSERTION]: a tag on the wrong section is invisible to the id check
  + actual - expected
  + [
  +   'mf-short-explain-sea-wall-public-good-4 → ECON-1.3.5-3a'
  + ]
  - []

## npm run build
EXIT CODE: 0

## npm run validate
EXIT CODE: 0

## npm run exposure
EXIT CODE: 0

## npm run recalls
EXIT CODE: 0

## node audit/scripts/check-staged-drafts.mjs government-intervention-firms
EXIT CODE: 0

## ADVISORY CHECKS

### npm run contrast
EXIT CODE: 0

### npm run spec-items
EXIT CODE: 0

### npm run tariff-census
EXIT CODE: 0

### npm run pin-check
EXIT CODE: 0

GATE LOG COMPLETE

GATE SUMMARY
============
testExit:       1 (FAILURE)
buildExit:      0 (PASS)
validateExit:   0 (PASS)
driftExit:      0 (PASS - check-staged-drafts)
advisoryExit:   0 (all advisory checks pass)
OVERALL:        FAILED - npm test has 3 test failures blocking the gate
