# close-out curl check, Sat Sep 26 14:46:40 EEST 2026
listener: 46965 Sat Sep 26 14:46:27 2026    
econ-u1-market-failure 200
  scripts+links stripped: identical to pre-change :3001
econ-u1-demand-elasticity 200
  scripts+links stripped: identical to pre-change :3001
econ-u1-price-determination 200
  scripts+links stripped: identical to pre-change :3001
bus-u1-marketing-mix 200
  scripts+links stripped: identical to pre-change :3001
bus-u1-meeting-customer-needs 200
  scripts+links stripped: identical to pre-change :3001
bus-u1-the-market 200
  scripts+links stripped: identical to pre-change :3001
md on disk has ## Questions: 0
served H2s: <h2>Stimulus</h2> <h2>Questions</h2> <h2>Model Answers</h2> <h2>Common Mistakes</h2> <h2>Diagram Reference</h2> 
<strong>Question (a) (2 marks)</strong> — Define the term &#x27;negative externality of consumption&#x
<strong>Question (b) (4 marks)</strong> — With reference to Table 1, explain why the social cost of co
<strong>Question (c) (6 marks)</strong> — Analyse how the AED 0.25 charge on single-use plastic bags i
<strong>Question (d) (8 marks)</strong> — With reference to the extract, examine whether the AED 0.25 
<strong>Question (e) (14 marks)</strong> — Discuss whether the current 50% excise tax on carbonated sof
--- SVG
  <polygon class="dwl" points="238.96,221.91 238.96,147.49 289.78,186.04" />
  <circle class="dot" cx="238.96" cy="221.91" r="4" />
  <circle class="dot" cx="289.78" cy="186.04" r="4" />
served SVG == file on disk
--- practice page references the SVG:
   3 positive-externality-consumption.svg
