market-failure                        econ   11      1        13      35   37.1%

per unit
  economics unit 1          13 /    35 leaves    37.1%  (11 questions)

command words in market-failure: Evaluate 20 ×3 · Define 4 ×1 · Explain 6 ×1 · Analyse 10 ×1 · Outline 4 ×1 · Explain 4 ×1 · Define 2 ×1 · Analyse 6 ×1 · Examine 8 ×1

unexamined leaves in 1.3.5 (22 of 35):
  ECON-1.3.5-1b-4     moral hazard
  ECON-1.3.5-1b-5     speculation and market bubbles.
  ECON-1.3.5-2a       The distinction between private benefits, external benefits and social benefits.
  ECON-1.3.5-2c-1     external benefits of production
  ECON-1.3.5-2c-2     external benefits of consumption
  ECON-1.3.5-2d-1     the external benefits from consumption
  ECON-1.3.5-2e-1     transport
  ECON-1.3.5-2e-3     education
  ECON-1.3.5-2e-5     financial.
  ECON-1.3.5-3a-1     private goods: rival and excludable
  ECON-1.3.5-4a       The distinction between symmetric and asymmetric information.
  ECON-1.3.5-4b       The significance of information gaps.
  ECON-1.3.5-4c-1     healthcare
  ECON-1.3.5-4c-2     education
  ECON-1.3.5-4c-3     pensions
  ECON-1.3.5-4c-4     insurance.
  ECON-1.3.5-5a       How moral hazard can occur.
  ECON-1.3.5-5b-1     insurance
  ECON-1.3.5-5b-2     banking.
  ECON-1.3.5-6a       How market bubbles may arise.
  ECON-1.3.5-6b-1     housing
  ECON-1.3.5-6b-2     stocks and shares.

11 questions across 1 section; 1 carry no specItems yet.
13 of 1,165 spec leaves are examined by at least one question — 1.1%.

4 failure(s): tariff ×4
  tariff  market-failure                    market-failure:0      Define 4 is not an Economics tariff (lib/ial-marking.js)
  tariff  market-failure                    market-failure:1      Explain 6 is not an Economics tariff (lib/ial-marking.js)
  tariff  market-failure                    market-failure:2      Analyse 10 is not an Economics tariff (lib/ial-marking.js)
  tariff  market-failure                    market-failure:4      Outline 4 is not an Economics tariff (lib/ial-marking.js)

  tariff  government-intervention           government-intervention:2Assess 10 is not an Economics tariff (lib/ial-marking.js)
  tariff  government-intervention           government-intervention:4Outline 4 is not an Economics tariff (lib/ial-marking.js)
  tariff  government-intervention-firms     government-intervention-firms:0Define 4 is not an Economics tariff (lib/ial-marking.js)
  … and 63 more

