
=== audit/snapshots/packet-44-bundle__economics__aggregate-supply.json
ok   block 1 "The Characteristics of AS" quiz[3] key "valued at constant prices" · diagram "Movement Along and Shift of AS" · 38 surfaces
       stem: Real national output is used on the horizontal axis because it is:
ok   block 1 "The Characteristics of AS" quiz[4] key "A rise in the price of imported fuel" · diagram "Movement Along and Shift of AS" · 38 surfaces
       stem: Which of these would shift the SRAS curve rather than cause a movement along it?
ok   block 1 "The Characteristics of AS" quiz[5] key "In the long run, every input cost has time to adjust" · diagram "Movement Along and Shift of AS" · 38 surfaces
       stem: Which statement about the short run and the long run in AS analysis is correct?
ok   block 1 "The Characteristics of AS" quiz[6] key "increase output, because profit per unit has risen" · diagram "Movement Along and Shift of AS" · 38 surfaces
       stem: Prices across an economy rise by 4% while wages in current contracts are unchanged. Firms are most likely to:
ok   block 1 "The Characteristics of AS" quiz[7] key "no change in real output" · diagram "Movement Along and Shift of AS" · 38 surfaces
       stem: On a vertical LRAS curve, a rise in the price level leads to:
ok   block 2 "What Shifts Short-Run AS" quiz[8] key "4%" · diagram "What Shifts SRAS" · 50 surfaces
       stem: Energy accounts for 40% of firms' costs and the price of energy rises by 10%. By how much do unit costs rise?
ok   block 2 "What Shifts Short-Run AS" quiz[9] key "left, because imported inputs cost more" · diagram "What Shifts SRAS" · 50 surfaces
       stem: A depreciation of a country's currency is most likely to shift SRAS:
ok   block 2 "What Shifts Short-Run AS" quiz[10] key "A cut in excise duty on diesel" · diagram "What Shifts SRAS" · 50 surfaces
       stem: Which tax change would shift the SRAS curve to the right?
ok   block 2 "What Shifts Short-Run AS" quiz[11] key "It changes costs, not the economy's resources" · diagram "What Shifts SRAS" · 50 surfaces
       stem: Why is a rise in the world price of oil an SRAS shift rather than an LRAS shift?
ok   block 2 "What Shifts Short-Run AS" quiz[12] key "shifts right slightly" · diagram "What Shifts SRAS" · 50 surfaces
       stem: An appreciation cuts unit costs by 3% while a new tax raises them by 2%. The SRAS curve:
ok   block 2 "What Shifts Short-Run AS" quiz[13] key "that input's share of firms' costs" · diagram "What Shifts SRAS" · 50 surfaces
       stem: The size of the SRAS shift caused by a rise in an input's price depends mostly on:
ok   block 3 "The Shapes of Long-Run AS" quiz[14] key "$750bn" · diagram "Classical and Keynesian LRAS" · 46 surfaces
       stem: An economy has 25 million workers, each producing $30,000 a year. Its productive capacity, per year, is:
ok   block 3 "The Shapes of Long-Run AS" quiz[15] key "wages and prices adjust, so output returns to capacity" · diagram "Classical and Keynesian LRAS" · 46 surfaces
       stem: On the classical view, the LRAS curve is vertical because:
ok   block 3 "The Shapes of Long-Run AS" quiz[16] key "falling wages and costs shift SRAS to the right" · diagram "Classical and Keynesian LRAS" · 46 surfaces
       stem: In the classical model, after a fall in AD the economy returns to capacity because:
ok   block 3 "The Shapes of Long-Run AS" quiz[17] key "idle resources can be hired without raising costs" · diagram "Classical and Keynesian LRAS" · 46 surfaces
       stem: The horizontal range of the Keynesian LRAS curve exists because:
ok   block 3 "The Shapes of Long-Run AS" quiz[18] key "Some industries hit bottlenecks first" · diagram "Classical and Keynesian LRAS" · 46 surfaces
       stem: Why does the Keynesian curve start to rise before the economy reaches capacity?
ok   block 3 "The Shapes of Long-Run AS" quiz[19] key "are sticky downwards" · diagram "Classical and Keynesian LRAS" · 46 surfaces
       stem: Keynesians argue an economy can stay below capacity for a long time because money wages:
ok   block 3 "The Shapes of Long-Run AS" quiz[20] key "at capacity, where both are vertical" · diagram "Classical and Keynesian LRAS" · 46 surfaces
       stem: The classical and Keynesian LRAS curves agree:
ok   block 4 "Long-Run AS: Technology, Productivity and Skills" quiz[21] key "output per worker or per hour worked" · diagram "LRAS Shifts: Output per Worker" · 35 surfaces
       stem: Productivity is best defined as:
ok   block 4 "Long-Run AS: Technology, Productivity and Skills" quiz[22] key "stayed the same" · diagram "LRAS Shifts: Output per Worker" · 35 surfaces
       stem: Output rises because more people are employed, with output per worker unchanged. Productivity has:
ok   block 4 "Long-Run AS: Technology, Productivity and Skills" quiz[23] key "after a delay, once trained workers are at work" · diagram "LRAS Shifts: Output per Worker" · 35 surfaces
       stem: Government spending on education is likely to shift LRAS right:
ok   block 4 "Long-Run AS: Technology, Productivity and Skills" quiz[24] key "rises by 5%" · diagram "LRAS Shifts: Output per Worker" · 35 surfaces
       stem: New technology raises output per worker by 5% with the labour force unchanged. Productive capacity:
ok   block 4 "Long-Run AS: Technology, Productivity and Skills" quiz[25] key "Firms installing more machinery per worker" · diagram "LRAS Shifts: Output per Worker" · 35 surfaces
       stem: Which of these raises capacity through output per worker rather than the number of workers?
ok   block 5 "Long-Run AS: Regulation, Population and Competition" quiz[26] key "45 million" · diagram "LRAS Shifts: The Labour Force" · 35 surfaces
       stem: A country has a working-age population of 60 million; 75% of them participate. What is its labour force?
ok   block 5 "Long-Run AS: Regulation, Population and Competition" quiz[27] key "left, as the working-age share falls" · diagram "LRAS Shifts: The Labour Force" · 35 surfaces
       stem: An ageing population is most likely to shift LRAS:
ok   block 5 "Long-Run AS: Regulation, Population and Competition" quiz[28] key "Large-scale emigration of trained engineers" · diagram "LRAS Shifts: The Labour Force" · 35 surfaces
       stem: Which of these would shift LRAS to the left?
ok   block 5 "Long-Run AS: Regulation, Population and Competition" quiz[29] key "firms facing rivals must cut costs and innovate" · diagram "LRAS Shifts: The Labour Force" · 35 surfaces
       stem: Competition policy shifts LRAS right mainly because:
ok   block 5 "Long-Run AS: Regulation, Population and Competition" quiz[30] key "Clear property rights that courts enforce" · diagram "LRAS Shifts: The Labour Force" · 35 surfaces
       stem: Which regulation is most likely to raise productive capacity?
ok   block 5 "Long-Run AS: Regulation, Population and Competition" quiz[31] key "raising the capital each worker has to use" · diagram "LRAS Shifts: The Labour Force" · 35 surfaces
       stem: A tax allowance for investment in new machinery affects LRAS by:

0 HARD match(es)
