=== npm test ===
Exit code: 0

=== npm run build ===
Exit code: 0

=== npm run validate ===
Exit code: 0

=== npm run exposure ===
Exit code: 0

=== npm run recalls ===
=== ADVISORY CHECKS ===

=== npm run contrast ===
Exit code: 0

=== npm run spec-items ===
Exit code: 0

=== npm run tariff-census ===
Exit code: 0

=== npm run pin-check ===
Exit code: 0

=== node audit/scripts/check-staged-drafts.mjs aggregate-supply ===
Exit code: 0
Exit code: 0

=== node audit/scripts/check-staged-drafts.mjs aggregate-supply ===
Exit code: 0

=== SUMMARY ===
test: 0
build: 0
validate: 0
exposure: 0
recalls: 0
check-staged-drafts: 0
