
> economics-next@0.1.0 exposure
> node audit/scripts/exposure-census.mjs --both --check


=== LIVE — 43 sections, signed out ===
chapters served      209 / 214
items sent           avg 7.74, max 10 of cap 10
share of the bank    avg 34.80%
pre-test length      38 threes, 3 twos, 0 ones, 2 with NO pre-test  (headroom 3)
  of which unpinned  0 of 0 legacy sections have no pre-test
chapters with no question: 5 across 5 section(s)
  STARVED (a code defect — a question was there and the chapter did not get it):
    signed out  0
    signed in   0
  DECIDED (a reader found nothing in the bank this chapter teaches; pinned `quizIndices: []`):
    5 — business-growth (1), global-markets-expansion (1), government-intervention-firms (1), growth-development (1), role-state-macroeconomy (1)
  UNWRITTEN (content debt — nothing in the section matches that chapter):
    0

=== DRAFT (staged) — 43 sections, signed out ===
chapters served      208 / 213
items sent           avg 7.72, max 10 of cap 10
share of the bank    avg 34.32%
pre-test length      38 threes, 3 twos, 0 ones, 2 with NO pre-test  (headroom 3)
  of which unpinned  0 of 0 legacy sections have no pre-test
chapters with no question: 5 across 5 section(s)
  STARVED (a code defect — a question was there and the chapter did not get it):
    signed out  0
    signed in   0
  DECIDED (a reader found nothing in the bank this chapter teaches; pinned `quizIndices: []`):
    5 — business-growth (1), global-markets-expansion (1), government-intervention-firms (1), growth-development (1), role-state-macroeconomy (1)
  UNWRITTEN (content debt — nothing in the section matches that chapter):
    0
