
=== audit/snapshots/packet-54-bundle__business__assessing-competitiveness.json
ok   block 1 "Reading the Financial Statements" quiz[3] key "$1.5m" · diagram "Reading the Two Financial Statements" · 35 surfaces
       stem: Revenue is $5m, cost of sales is $2m and other operating expenses are $1.5m. Operating profit is:
ok   block 1 "Reading the Financial Statements" quiz[4] key "Inventory held at the year end" · diagram "Reading the Two Financial Statements" · 35 surfaces
       stem: Which of these appears on the statement of financial position rather than the statement of comprehensive income?
ok   block 1 "Reading the Financial Statements" quiz[5] key "current assets compared with current liabilities" · diagram "Reading the Two Financial Statements" · 35 surfaces
       stem: A supplier deciding whether to offer 60 days' credit is most interested in:
ok   block 1 "Reading the Financial Statements" quiz[6] key "$18m" · diagram "Reading the Two Financial Statements" · 35 surfaces
       stem: A firm's total assets are $50m and its total liabilities are $32m. Its total equity is:
ok   block 2 "Calculating the Ratios" quiz[7] key "higher overheads or interest" · diagram "Six Ratios Over Two Years" · 39 surfaces
       stem: A firm's gross profit margin is unchanged, but its profit for the year margin falls. The most likely cause is:
ok   block 2 "Calculating the Ratios" quiz[8] key "35%" · diagram "Six Ratios Over Two Years" · 39 surfaces
       stem: Revenue is $2m and gross profit is $0.7m. The gross profit margin is:
ok   block 2 "Calculating the Ratios" quiz[9] key "1.25:1" · diagram "Six Ratios Over Two Years" · 39 surfaces
       stem: Current assets are $700,000, including inventory of $200,000. Current liabilities are $400,000. The acid test ratio is:
ok   block 2 "Calculating the Ratios" quiz[10] key "30%" · diagram "Six Ratios Over Two Years" · 39 surfaces
       stem: Non-current liabilities are $9m and total equity is $21m. The gearing ratio is:
ok   block 2 "Calculating the Ratios" quiz[11] key "12%" · diagram "Six Ratios Over Two Years" · 39 surfaces
       stem: Operating profit is $3.6m, non-current liabilities are $6m and total equity is $24m. ROCE is:
ok   block 3 "Using Ratios to Make Decisions" quiz[12] key "Issuing new shares to repay part of a loan" · diagram "Gearing Magnifies Gains and Losses" · 17 surfaces
       stem: Which of these would reduce a company's gearing ratio?
ok   block 3 "Using Ratios to Make Decisions" quiz[13] key "reduce the profit left for shareholders" · diagram "Gearing Magnifies Gains and Losses" · 17 surfaces
       stem: A firm's ROCE is 7% and it can borrow at 9%. Borrowing more to expand would most likely:
ok   block 3 "Using Ratios to Make Decisions" quiz[14] key "it sells for cash daily and its stock lasts only days" · diagram "Gearing Magnifies Gains and Losses" · 17 surfaces
       stem: A bakery chain has an acid test ratio of 0.7:1. The best reason this may not be a concern is that:
ok   block 3 "Using Ratios to Make Decisions" quiz[15] key "window dressing" · diagram "Gearing Magnifies Gains and Losses" · 17 surfaces
       stem: A firm delays paying its suppliers until just after its year end, so its current ratio looks stronger. This is an example of:
ok   block 3 "Using Ratios to Make Decisions" quiz[16] key "Their normal trading cycles are very different" · diagram "Gearing Magnifies Gains and Losses" · 17 surfaces
       stem: Why is comparing the current ratio of a supermarket with that of a house builder of limited use?
ok   block 4 "Measuring the Workforce" quiz[17] key "20%" · diagram "The Workforce Over Two Years" · 21 surfaces
       stem: A shop employs an average of 40 staff and 8 leave during the year. Its labour turnover is:
ok   block 4 "Measuring the Workforce" quiz[18] key "120 rooms per cleaner per week" · diagram "The Workforce Over Two Years" · 21 surfaces
       stem: A team of 12 cleaners cleans 1,440 rooms a week. Labour productivity is:
ok   block 4 "Measuring the Workforce" quiz[19] key "75%" · diagram "The Workforce Over Two Years" · 21 surfaces
       stem: Of 60 staff employed at the start of a year, 45 are still employed at its end. The retention rate is:
ok   block 4 "Measuring the Workforce" quiz[20] key "4%" · diagram "The Workforce Over Two Years" · 21 surfaces
       stem: Staff are due to work 20,000 days in total and 800 days are lost to absence. Absenteeism is:
ok   block 4 "Measuring the Workforce" quiz[21] key "staff leaving ÷ average number of staff × 100" · diagram "The Workforce Over Two Years" · 21 surfaces
       stem: Labour turnover is calculated as:
ok   block 4 "Measuring the Workforce" quiz[22] key "measure quantity, not quality" · diagram "The Workforce Over Two Years" · 21 surfaces
       stem: After a chain installs faster ovens, output per baker rises but complaints about burnt bread double. This shows that productivity figures:
ok   block 5 "HR Strategies for Productivity and Retention" quiz[23] key "one worker's effort barely moves the share price" · diagram "What Each HR Response Would Cost" · 16 surfaces
       stem: Why might an employee share ownership scheme do little to raise day-to-day effort?
ok   block 5 "HR Strategies for Productivity and Retention" quiz[24] key "the cost rises for staff who would have stayed anyway" · diagram "What Each HR Response Would Cost" · 16 surfaces
       stem: The main risk of raising basic pay to cut labour turnover is that:
ok   block 5 "HR Strategies for Productivity and Retention" quiz[25] key "Empowerment" · diagram "What Each HR Response Would Cost" · 16 surfaces
       stem: Which HR strategy gives employees the authority to make decisions about their own work?
ok   block 5 "HR Strategies for Productivity and Retention" quiz[26] key "improve retention" · diagram "What Each HR Response Would Cost" · 16 surfaces
       stem: Shares that employees lose if they leave within three years are designed mainly to:
ok   block 5 "HR Strategies for Productivity and Retention" quiz[27] key "consultation" · diagram "What Each HR Response Would Cost" · 16 surfaces
       stem: Managers ask shop staff for their views on new opening hours, then make the decision themselves. This is:

0 HARD match(es)
